Archive member included because of file (symbol)

/Applications/microchip/xc32/v1.40/bin/bin/../../lib/gcc/pic32mx/4.8.3/../../../../pic32mx/lib/libmchp_peripheral.a(read_core_timer_lib.o)
                              build/default/production/tft_master.o (ReadCoreTimer)
/Applications/microchip/xc32/v1.40/bin/bin/../../lib/gcc/pic32mx/4.8.3/../../../../pic32mx/lib/libmchp_peripheral.a(write_core_timer_lib.o)
                              build/default/production/tft_master.o (WriteCoreTimer)
/Applications/microchip/xc32/v1.40/bin/bin/../../lib/gcc/pic32mx/4.8.3/../../../../pic32mx/lib/libmchp_peripheral_32MX250F128B.a(int_disable_interrupts_lib.o)
                              build/default/production/TFT_keypad_BRL4.o (INTDisableInterrupts)
/Applications/microchip/xc32/v1.40/bin/bin/../../lib/gcc/pic32mx/4.8.3/../../../../pic32mx/lib/libmchp_peripheral_32MX250F128B.a(int_restore_interrupts_lib.o)
                              build/default/production/TFT_keypad_BRL4.o (INTRestoreInterrupts)
/Applications/microchip/xc32/v1.40/bin/bin/../../lib/gcc/pic32mx/4.8.3/../../../../pic32mx/lib/libmchp_peripheral_32MX250F128B.a(int_enable_mv_int_lib.o)
                              build/default/production/TFT_keypad_BRL4.o (INTEnableSystemMultiVectoredInt)
/Applications/microchip/xc32/v1.40/bin/bin/../../lib/gcc/pic32mx/4.8.3/../../../../pic32mx/lib/libmchp_peripheral_32MX250F128B.a(spi_chn_open_lib.o)
                              build/default/production/tft_master.o (SpiChnOpen)
/Applications/microchip/xc32/v1.40/bin/bin/../../lib/gcc/pic32mx/4.8.3/../../../../pic32mx/lib/libmchp_peripheral_32MX250F128B.a(spi_map_tbl_libp.o)
                              /Applications/microchip/xc32/v1.40/bin/bin/../../lib/gcc/pic32mx/4.8.3/../../../../pic32mx/lib/libmchp_peripheral_32MX250F128B.a(spi_chn_open_lib.o) (_SpiMapTbl)
/Applications/microchip/xc32/v1.40/bin/bin/../../lib/gcc/pic32mx/4.8.3/../../../../pic32mx/lib/libmchp_peripheral_32MX250F128B.a(dma_chn_enable_lib.o)
                              build/default/production/TFT_keypad_BRL4.o (DmaChnEnable)
/Applications/microchip/xc32/v1.40/bin/bin/../../lib/gcc/pic32mx/4.8.3/../../../../pic32mx/lib/libmchp_peripheral_32MX250F128B.a(dma_chn_get_ev_flags_lib.o)
                              build/default/production/TFT_keypad_BRL4.o (DmaChnGetEvFlags)
/Applications/microchip/xc32/v1.40/bin/bin/../../lib/gcc/pic32mx/4.8.3/../../../../pic32mx/lib/libmchp_peripheral_32MX250F128B.a(dma_reg_map_tbl_lib.o)
                              /Applications/microchip/xc32/v1.40/bin/bin/../../lib/gcc/pic32mx/4.8.3/../../../../pic32mx/lib/libmchp_peripheral_32MX250F128B.a(dma_chn_enable_lib.o) (_DmaMapTbl)
/Applications/microchip/xc32/v1.40/bin/bin/../../lib/gcc/pic32mx/4.8.3/../../../../pic32mx/lib/libmchp_peripheral_32MX250F128B.a(uart_lib.o)
                              build/default/production/TFT_keypad_BRL4.o (uartReg)
/Applications/microchip/xc32/v1.40/bin/bin/../../lib/gcc/pic32mx/4.8.3/../../../../pic32mx/lib/libmchp_peripheral_32MX250F128B.a(int_enable_interrupts_lib.o)
                              /Applications/microchip/xc32/v1.40/bin/bin/../../lib/gcc/pic32mx/4.8.3/../../../../pic32mx/lib/libmchp_peripheral_32MX250F128B.a(int_enable_mv_int_lib.o) (INTEnableInterrupts)
/Applications/microchip/xc32/v1.40/bin/bin/../../lib/gcc/pic32mx/4.8.3/../../../../pic32mx/lib/libmchp_peripheral_32MX250F128B.a(int_tbl_lib.o)
                              /Applications/microchip/xc32/v1.40/bin/bin/../../lib/gcc/pic32mx/4.8.3/../../../../pic32mx/lib/libmchp_peripheral_32MX250F128B.a(spi_chn_open_lib.o) (INTClearFlag)
/Applications/microchip/xc32/v1.40/bin/bin/../../lib/gcc/pic32mx/4.8.3/../../../../pic32mx/lib/libpic32.a(default-bootstrap-exception-handler.o)
                              /Applications/microchip/xc32/v1.40/bin/bin/../../lib/gcc/pic32mx/4.8.3/../../../../pic32mx/lib/./proc/32MX250F128B/crt0_mips32r2.o (_bootstrap_exception_handler)
/Applications/microchip/xc32/v1.40/bin/bin/../../lib/gcc/pic32mx/4.8.3/../../../../pic32mx/lib/libpic32.a(default-on-reset.o)
                              /Applications/microchip/xc32/v1.40/bin/bin/../../lib/gcc/pic32mx/4.8.3/../../../../pic32mx/lib/./proc/32MX250F128B/crt0_mips32r2.o (_on_reset)
/Applications/microchip/xc32/v1.40/bin/bin/../../lib/gcc/pic32mx/4.8.3/../../../../pic32mx/lib/libpic32.a(default-on-bootstrap.o)
                              /Applications/microchip/xc32/v1.40/bin/bin/../../lib/gcc/pic32mx/4.8.3/../../../../pic32mx/lib/./proc/32MX250F128B/crt0_mips32r2.o (_on_bootstrap)
/Applications/microchip/xc32/v1.40/bin/bin/../../lib/gcc/pic32mx/4.8.3/../../../../pic32mx/lib/libpic32.a(default-nmi-handler.o)
                              /Applications/microchip/xc32/v1.40/bin/bin/../../lib/gcc/pic32mx/4.8.3/../../../../pic32mx/lib/./proc/32MX250F128B/crt0_mips32r2.o (_nmi_handler)
/Applications/microchip/xc32/v1.40/bin/bin/../../lib/gcc/pic32mx/4.8.3/../../../../pic32mx/lib/libpic32.a(general-exception.o)
[...]
Memory Configuration

Name             Origin             Length             Attributes
kseg0_program_mem 0x9d000000         0x0001f000         xr
exception_mem    0x9d01f000         0x00001000
debug_exec_mem   0x9fc00490         0x00000760
kseg0_boot_mem   0x9fc00490         0x00000000
kseg1_boot_mem   0xbfc00000         0x00000490
config3          0xbfc00bf0         0x00000004
config2          0xbfc00bf4         0x00000004
config1          0xbfc00bf8         0x00000004
config0          0xbfc00bfc         0x00000004
kseg1_data_mem   0xa0000000         0x00008000         w !x
sfrs             0xbf800000         0x00100000
configsfrs       0xbfc00bf0         0x00000010
*default*        0x00000000         0xffffffff

Linker script and memory map

LOAD /Applications/microchip/xc32/v1.40/bin/bin/../../lib/gcc/pic32mx/4.8.3/../../../../pic32mx/lib/./proc/32MX250F128B/crt0_mips32r2.o
LOAD /Applications/microchip/xc32/v1.40/bin/bin/../../lib/gcc/pic32mx/4.8.3/../../../../pic32mx/lib/debug-exception-return.o
LOAD build/default/production/tft_master.o
LOAD build/default/production/tft_gfx.o
LOAD build/default/production/glcdfont.o
LOAD build/default/production/TFT_keypad_BRL4.o
                0x00000001                __MPLAB_BUILD = 0x1
LOAD /Applications/microchip/xc32/v1.40/bin/bin/../../lib/gcc/pic32mx/4.8.3/../../../../pic32mx/lib/./proc/32MX250F128B/default_isr_vectors.o
LOAD /Applications/microchip/xc32/v1.40/bin/bin/../../lib/gcc/pic32mx/4.8.3/../../../../pic32mx/lib/pic32_software_reset.o
                0x00000400                PROVIDE (_min_stack_size, 0x400)
LOAD /Applications/microchip/xc32/v1.40/bin/bin/../../lib/gcc/pic32mx/4.8.3/../../../../pic32mx/lib/./proc/32MX250F128B/processor.o
START GROUP
LOAD /Applications/microchip/xc32/v1.40/bin/bin/../../lib/gcc/pic32mx/4.8.3/../../../../pic32mx/lib/libmchp_peripheral.a
END GROUP
START GROUP
LOAD /Applications/microchip/xc32/v1.40/bin/bin/../../lib/gcc/pic32mx/4.8.3/../../../../pic32mx/lib/libmchp_peripheral_32MX250F128B.a
END GROUP
                0x00000001                PROVIDE (_vector_spacing, 0x1)
                0x9d01f000                _ebase_address = 0x9d01f000
                0xbfc00000                _RESET_ADDR = 0xbfc00000
                0xbfc00380                _BEV_EXCPT_ADDR = 0xbfc00380
                0xbfc00480                _DBG_EXCPT_ADDR = 0xbfc00480
                0x9fc00490                _DBG_CODE_ADDR = 0x9fc00490
                0x00000760                _DBG_CODE_SIZE = 0x760
                0x9d01f180                _GEN_EXCPT_ADDR = (_ebase_address + 0x180)

.config_BFC00BF0
 *(.config_BFC00BF0)

.config_BFC00BF4
                0xbfc00bf4        0x4
 *(.config_BFC00BF4)
 .config_BFC00BF4
                0xbfc00bf4        0x4 build/default/production/TFT_keypad_BRL4.o

.config_BFC00BF8
                0xbfc00bf8        0x4
 *(.config_BFC00BF8)
 .config_BFC00BF8
                0xbfc00bf8        0x4 build/default/production/TFT_keypad_BRL4.o

.config_BFC00BFC
                0xbfc00bfc        0x4
 *(.config_BFC00BFC)
 .config_BFC00BFC
                0xbfc00bfc        0x4 build/default/production/TFT_keypad_BRL4.o
                0xbfc02000                PROVIDE (_DBG_CODE_ADDR, 0xbfc02000)
                0x00000ff0                PROVIDE (_DBG_CODE_SIZE, 0xff0)

.reset          0xbfc00000      0x1d0
 *(.reset)
 .reset         0xbfc00000        0x8 /Applications/microchip/xc32/v1.40/bin/bin/../../lib/gcc/pic32mx/4.8.3/../../../../pic32mx/lib/./proc/32MX250F128B/crt0_mips32r2.o
                0xbfc00000                _reset
 *(.reset.startup)
 .reset.startup
                0xbfc00008      0x1c8 /Applications/microchip/xc32/v1.40/bin/bin/../../lib/gcc/pic32mx/4.8.3/../../../../pic32mx/lib/./proc/32MX250F128B/crt0_mips32r2.o

.bev_excpt      0xbfc00380       0x10
 *(.bev_handler)
 .bev_handler   0xbfc00380       0x10 /Applications/microchip/xc32/v1.40/bin/bin/../../lib/gcc/pic32mx/4.8.3/../../../../pic32mx/lib/./proc/32MX250F128B/crt0_mips32r2.o

.dbg_excpt      0xbfc00480        0x0
                0xbfc00480                . = (. + DEFINED (_DEBUGGER)?0x8:0x0)

.dbg_code       0x9fc00490        0x0
                0x9fc00490                . = (. + DEFINED (_DEBUGGER)?_DBG_CODE_SIZE:0x0)

.app_excpt      0x9d01f180       0x10
 *(.gen_handler)
 .gen_handler   0x9d01f180       0x10 /Applications/microchip/xc32/v1.40/bin/bin/../../lib/gcc/pic32mx/4.8.3/../../../../pic32mx/lib/./proc/32MX250F128B/crt0_mips32r2.o

.vector_0       0x9d01f200        0x8
 *(.vector_0)
 .vector_0      0x9d01f200        0x8 /Applications/microchip/xc32/v1.40/bin/bin/../../lib/gcc/pic32mx/4.8.3/../../../../pic32mx/lib/libpic32.a(vector0.o)
                0x9d01f200                __vector_dispatch_0
                0x00000001                ASSERT (((_vector_spacing == 0x0) || (SIZEOF (.vector_0) <= (_vector_spacing << 0x5))), function at exception vector 0 too large)

.vector_1       0x9d01f220        0x8
 *(.vector_1)
 .vector_1      0x9d01f220        0x8 /Applications/microchip/xc32/v1.40/bin/bin/../../lib/gcc/pic32mx/4.8.3/../../../../pic32mx/lib/libpic32.a(vector1.o)
                0x9d01f220                __vector_dispatch_1
                0x00000001                ASSERT (((_vector_spacing == 0x0) || (SIZEOF (.vector_1) <= (_vector_spacing << 0x5))), function at exception vector 1 too large)

.vector_2       0x9d01f240        0x8
 *(.vector_2)
 .vector_2      0x9d01f240        0x8 /Applications/microchip/xc32/v1.40/bin/bin/../../lib/gcc/pic32mx/4.8.3/../../../../pic32mx/lib/libpic32.a(vector2.o)
                0x9d01f240                __vector_dispatch_2
                0x00000001                ASSERT (((_vector_spacing == 0x0) || (SIZEOF (.vector_2) <= (_vector_spacing << 0x5))), function at exception vector 2 too large)

.vector_3       0x9d01f260        0x8
 *(.vector_3)
 .vector_3      0x9d01f260        0x8 /Applications/microchip/xc32/v1.40/bin/bin/../../lib/gcc/pic32mx/4.8.3/../../../../pic32mx/lib/libpic32.a(vector3.o)
                0x9d01f260                __vector_dispatch_3
                0x00000001                ASSERT (((_vector_spacing == 0x0) || (SIZEOF (.vector_3) <= (_vector_spacing << 0x5))), function at exception vector 3 too large)

.vector_4       0x9d01f280        0x8
 *(.vector_4)
 .vector_4      0x9d01f280        0x8 /Applications/microchip/xc32/v1.40/bin/bin/../../lib/gcc/pic32mx/4.8.3/../../../../pic32mx/lib/libpic32.a(vector4.o)
                0x9d01f280                __vector_dispatch_4
                0x00000001                ASSERT (((_vector_spacing == 0x0) || (SIZEOF (.vector_4) <= (_vector_spacing << 0x5))), function at exception vector 4 too large)

.vector_5       0x9d01f2a0        0x8
 *(.vector_5)
 .vector_5      0x9d01f2a0        0x8 /Applications/microchip/xc32/v1.40/bin/bin/../../lib/gcc/pic32mx/4.8.3/../../../../pic32mx/lib/libpic32.a(vector5.o)
                0x9d01f2a0                __vector_dispatch_5
                0x00000001                ASSERT (((_vector_spacing == 0x0) || (SIZEOF (.vector_5) <= (_vector_spacing << 0x5))), function at exception vector 5 too large)

.vector_6       0x9d01f2c0        0x8
 *(.vector_6)
 .vector_6      0x9d01f2c0        0x8 /Applications/microchip/xc32/v1.40/bin/bin/../../lib/gcc/pic32mx/4.8.3/../../../../pic32mx/lib/libpic32.a(vector6.o)
                0x9d01f2c0                __vector_dispatch_6
                0x00000001                ASSERT (((_vector_spacing == 0x0) || (SIZEOF (.vector_6) <= (_vector_spacing << 0x5))), function at exception vector 6 too large)

.vector_7       0x9d01f2e0        0x8
 *(.vector_7)
 .vector_7      0x9d01f2e0        0x8 /Applications/microchip/xc32/v1.40/bin/bin/../../lib/gcc/pic32mx/4.8.3/../../../../pic32mx/lib/libpic32.a(vector7.o)
                0x9d01f2e0                __vector_dispatch_7
                0x00000001                ASSERT (((_vector_spacing == 0x0) || (SIZEOF (.vector_7) <= (_vector_spacing << 0x5))), function at exception vector 7 too large)

.vector_8       0x9d01f300        0x8
 *(.vector_8)
 .vector_8      0x9d01f300        0x8 /Applications/microchip/xc32/v1.40/bin/bin/../../lib/gcc/pic32mx/4.8.3/../../../../pic32mx/lib/libpic32.a(vector8.o)
                0x9d01f300                __vector_dispatch_8
                0x00000001                ASSERT (((_vector_spacing == 0x0) || (SIZEOF (.vector_8) <= (_vector_spacing << 0x5))), function at exception vector 8 too large)

.vector_9       0x9d01f320        0x8
 *(.vector_9)
 .vector_9      0x9d01f320        0x8 /Applications/microchip/xc32/v1.40/bin/bin/../../lib/gcc/pic32mx/4.8.3/../../../../pic32mx/lib/libpic32.a(vector9.o)
                0x9d01f320                __vector_dispatch_9
                0x00000001                ASSERT (((_vector_spacing == 0x0) || (SIZEOF (.vector_9) <= (_vector_spacing << 0x5))), function at exception vector 9 too large)

.vector_10      0x9d01f340        0x8
 *(.vector_10)
 .vector_10     0x9d01f340        0x8 /Applications/microchip/xc32/v1.40/bin/bin/../../lib/gcc/pic32mx/4.8.3/../../../../pic32mx/lib/libpic32.a(vector10.o)
                0x9d01f340                __vector_dispatch_10
                0x00000001                ASSERT (((_vector_spacing == 0x0) || (SIZEOF (.vector_10) <= (_vector_spacing << 0x5))), function at exception vector 10 too large)

.vector_11      0x9d01f360        0x8
 *(.vector_11)
 .vector_11     0x9d01f360        0x8 /Applications/microchip/xc32/v1.40/bin/bin/../../lib/gcc/pic32mx/4.8.3/../../../../pic32mx/lib/libpic32.a(vector11.o)
                0x9d01f360                __vector_dispatch_11
                0x00000001                ASSERT (((_vector_spacing == 0x0) || (SIZEOF (.vector_11) <= (_vector_spacing << 0x5))), function at exception vector 11 too large)

.vector_12      0x9d01f380        0x8
 *(.vector_12)
 .vector_12     0x9d01f380        0x8 /Applications/microchip/xc32/v1.40/bin/bin/../../lib/gcc/pic32mx/4.8.3/../../../../pic32mx/lib/libpic32.a(vector12.o)
                0x9d01f380                __vector_dispatch_12
                0x00000001                ASSERT (((_vector_spacing == 0x0) || (SIZEOF (.vector_12) <= (_vector_spacing << 0x5))), function at exception vector 12 too large)

.vector_13      0x9d01f3a0        0x8
 *(.vector_13)
 .vector_13     0x9d01f3a0        0x8 /Applications/microchip/xc32/v1.40/bin/bin/../../lib/gcc/pic32mx/4.8.3/../../../../pic32mx/lib/libpic32.a(vector13.o)
                0x9d01f3a0                __vector_dispatch_13
                0x00000001                ASSERT (((_vector_spacing == 0x0) || (SIZEOF (.vector_13) <= (_vector_spacing << 0x5))), function at exception vector 13 too large)

.vector_14      0x9d01f3c0        0x8
 *(.vector_14)
 .vector_14     0x9d01f3c0        0x8 /Applications/microchip/xc32/v1.40/bin/bin/../../lib/gcc/pic32mx/4.8.3/../../../../pic32mx/lib/libpic32.a(vector14.o)
                0x9d01f3c0                __vector_dispatch_14
                0x00000001                ASSERT (((_vector_spacing == 0x0) || (SIZEOF (.vector_14) <= (_vector_spacing << 0x5))), function at exception vector 14 too large)

.vector_15      0x9d01f3e0        0x8
 *(.vector_15)
 .vector_15     0x9d01f3e0        0x8 /Applications/microchip/xc32/v1.40/bin/bin/../../lib/gcc/pic32mx/4.8.3/../../../../pic32mx/lib/libpic32.a(vector15.o)
                0x9d01f3e0                __vector_dispatch_15
                0x00000001                ASSERT (((_vector_spacing == 0x0) || (SIZEOF (.vector_15) <= (_vector_spacing << 0x5))), function at exception vector 15 too large)

.vector_16      0x9d01f400        0x8
 *(.vector_16)
 .vector_16     0x9d01f400        0x8 /Applications/microchip/xc32/v1.40/bin/bin/../../lib/gcc/pic32mx/4.8.3/../../../../pic32mx/lib/libpic32.a(vector16.o)
                0x9d01f400                __vector_dispatch_16
                0x00000001                ASSERT (((_vector_spacing == 0x0) || (SIZEOF (.vector_16) <= (_vector_spacing << 0x5))), function at exception vector 16 too large)

.vector_17      0x9d01f420        0x8
 *(.vector_17)
 .vector_17     0x9d01f420        0x8 /Applications/microchip/xc32/v1.40/bin/bin/../../lib/gcc/pic32mx/4.8.3/../../../../pic32mx/lib/libpic32.a(vector17.o)
                0x9d01f420                __vector_dispatch_17
                0x00000001                ASSERT (((_vector_spacing == 0x0) || (SIZEOF (.vector_17) <= (_vector_spacing << 0x5))), function at exception vector 17 too large)

.vector_18      0x9d01f440        0x8
 *(.vector_18)
 .vector_18     0x9d01f440        0x8 /Applications/microchip/xc32/v1.40/bin/bin/../../lib/gcc/pic32mx/4.8.3/../../../../pic32mx/lib/libpic32.a(vector18.o)
                0x9d01f440                __vector_dispatch_18
                0x00000001                ASSERT (((_vector_spacing == 0x0) || (SIZEOF (.vector_18) <= (_vector_spacing << 0x5))), function at exception vector 18 too large)

.vector_19      0x9d01f460        0x8
 *(.vector_19)
 .vector_19     0x9d01f460        0x8 /Applications/microchip/xc32/v1.40/bin/bin/../../lib/gcc/pic32mx/4.8.3/../../../../pic32mx/lib/libpic32.a(vector19.o)
                0x9d01f460                __vector_dispatch_19
                0x00000001                ASSERT (((_vector_spacing == 0x0) || (SIZEOF (.vector_19) <= (_vector_spacing << 0x5))), function at exception vector 19 too large)

.vector_20      0x9d01f480        0x8
 *(.vector_20)
 .vector_20     0x9d01f480        0x8 build/default/production/TFT_keypad_BRL4.o
                0x9d01f480                __vector_dispatch_20
                0x00000001                ASSERT (((_vector_spacing == 0x0) || (SIZEOF (.vector_20) <= (_vector_spacing << 0x5))), function at exception vector 20 too large)

.vector_21      0x9d01f4a0        0x8
 *(.vector_21)
 .vector_21     0x9d01f4a0        0x8 /Applications/microchip/xc32/v1.40/bin/bin/../../lib/gcc/pic32mx/4.8.3/../../../../pic32mx/lib/libpic32.a(vector21.o)
                0x9d01f4a0                __vector_dispatch_21
                0x00000001                ASSERT (((_vector_spacing == 0x0) || (SIZEOF (.vector_21) <= (_vector_spacing << 0x5))), function at exception vector 21 too large)

.vector_22      0x9d01f4c0        0x8
 *(.vector_22)
 .vector_22     0x9d01f4c0        0x8 /Applications/microchip/xc32/v1.40/bin/bin/../../lib/gcc/pic32mx/4.8.3/../../../../pic32mx/lib/libpic32.a(vector22.o)
                0x9d01f4c0                __vector_dispatch_22
                0x00000001                ASSERT (((_vector_spacing == 0x0) || (SIZEOF (.vector_22) <= (_vector_spacing << 0x5))), function at exception vector 22 too large)

.vector_23      0x9d01f4e0        0x8
 *(.vector_23)
 .vector_23     0x9d01f4e0        0x8 /Applications/microchip/xc32/v1.40/bin/bin/../../lib/gcc/pic32mx/4.8.3/../../../../pic32mx/lib/libpic32.a(vector23.o)
                0x9d01f4e0                __vector_dispatch_23
                0x00000001                ASSERT (((_vector_spacing == 0x0) || (SIZEOF (.vector_23) <= (_vector_spacing << 0x5))), function at exception vector 23 too large)

.vector_24      0x9d01f500        0x8
 *(.vector_24)
 .vector_24     0x9d01f500        0x8 /Applications/microchip/xc32/v1.40/bin/bin/../../lib/gcc/pic32mx/4.8.3/../../../../pic32mx/lib/libpic32.a(vector24.o)
                0x9d01f500                __vector_dispatch_24
                0x00000001                ASSERT (((_vector_spacing == 0x0) || (SIZEOF (.vector_24) <= (_vector_spacing << 0x5))), function at exception vector 24 too large)

.vector_25      0x9d01f520        0x8
 *(.vector_25)
 .vector_25     0x9d01f520        0x8 /Applications/microchip/xc32/v1.40/bin/bin/../../lib/gcc/pic32mx/4.8.3/../../../../pic32mx/lib/libpic32.a(vector25.o)
                0x9d01f520                __vector_dispatch_25
                0x00000001                ASSERT (((_vector_spacing == 0x0) || (SIZEOF (.vector_25) <= (_vector_spacing << 0x5))), function at exception vector 25 too large)

.vector_26      0x9d01f540        0x8
 *(.vector_26)
 .vector_26     0x9d01f540        0x8 /Applications/microchip/xc32/v1.40/bin/bin/../../lib/gcc/pic32mx/4.8.3/../../../../pic32mx/lib/libpic32.a(vector26.o)
                0x9d01f540                __vector_dispatch_26
                0x00000001                ASSERT (((_vector_spacing == 0x0) || (SIZEOF (.vector_26) <= (_vector_spacing << 0x5))), function at exception vector 26 too large)

.vector_27      0x9d01f560        0x8
 *(.vector_27)
 .vector_27     0x9d01f560        0x8 /Applications/microchip/xc32/v1.40/bin/bin/../../lib/gcc/pic32mx/4.8.3/../../../../pic32mx/lib/libpic32.a(vector27.o)
                0x9d01f560                __vector_dispatch_27
                0x00000001                ASSERT (((_vector_spacing == 0x0) || (SIZEOF (.vector_27) <= (_vector_spacing << 0x5))), function at exception vector 27 too large)

.vector_28      0x9d01f580        0x8
 *(.vector_28)
 .vector_28     0x9d01f580        0x8 /Applications/microchip/xc32/v1.40/bin/bin/../../lib/gcc/pic32mx/4.8.3/../../../../pic32mx/lib/libpic32.a(vector28.o)
                0x9d01f580                __vector_dispatch_28
                0x00000001                ASSERT (((_vector_spacing == 0x0) || (SIZEOF (.vector_28) <= (_vector_spacing << 0x5))), function at exception vector 28 too large)

.vector_29      0x9d01f5a0        0x8
 *(.vector_29)
 .vector_29     0x9d01f5a0        0x8 /Applications/microchip/xc32/v1.40/bin/bin/../../lib/gcc/pic32mx/4.8.3/../../../../pic32mx/lib/libpic32.a(vector29.o)
                0x9d01f5a0                __vector_dispatch_29
                0x00000001                ASSERT (((_vector_spacing == 0x0) || (SIZEOF (.vector_29) <= (_vector_spacing << 0x5))), function at exception vector 29 too large)

.vector_30      0x9d01f5c0        0x8
 *(.vector_30)
 .vector_30     0x9d01f5c0        0x8 /Applications/microchip/xc32/v1.40/bin/bin/../../lib/gcc/pic32mx/4.8.3/../../../../pic32mx/lib/libpic32.a(vector30.o)
                0x9d01f5c0                __vector_dispatch_30
                0x00000001                ASSERT (((_vector_spacing == 0x0) || (SIZEOF (.vector_30) <= (_vector_spacing << 0x5))), function at exception vector 30 too large)

.vector_31      0x9d01f5e0        0x8
 *(.vector_31)
 .vector_31     0x9d01f5e0        0x8 /Applications/microchip/xc32/v1.40/bin/bin/../../lib/gcc/pic32mx/4.8.3/../../../../pic32mx/lib/libpic32.a(vector31.o)
                0x9d01f5e0                __vector_dispatch_31
                0x00000001                ASSERT (((_vector_spacing == 0x0) || (SIZEOF (.vector_31) <= (_vector_spacing << 0x5))), function at exception vector 31 too large)

.vector_32      0x9d01f600        0x8
 *(.vector_32)
 .vector_32     0x9d01f600        0x8 /Applications/microchip/xc32/v1.40/bin/bin/../../lib/gcc/pic32mx/4.8.3/../../../../pic32mx/lib/libpic32.a(vector32.o)
                0x9d01f600                __vector_dispatch_32
                0x00000001                ASSERT (((_vector_spacing == 0x0) || (SIZEOF (.vector_32) <= (_vector_spacing << 0x5))), function at exception vector 32 too large)

.vector_33      0x9d01f620        0x8
 *(.vector_33)
 .vector_33     0x9d01f620        0x8 /Applications/microchip/xc32/v1.40/bin/bin/../../lib/gcc/pic32mx/4.8.3/../../../../pic32mx/lib/libpic32.a(vector33.o)
                0x9d01f620                __vector_dispatch_33
                0x00000001                ASSERT (((_vector_spacing == 0x0) || (SIZEOF (.vector_33) <= (_vector_spacing << 0x5))), function at exception vector 33 too large)

.vector_34      0x9d01f640        0x8
 *(.vector_34)
 .vector_34     0x9d01f640        0x8 /Applications/microchip/xc32/v1.40/bin/bin/../../lib/gcc/pic32mx/4.8.3/../../../../pic32mx/lib/libpic32.a(vector34.o)
                0x9d01f640                __vector_dispatch_34
                0x00000001                ASSERT (((_vector_spacing == 0x0) || (SIZEOF (.vector_34) <= (_vector_spacing << 0x5))), function at exception vector 34 too large)

.vector_35      0x9d01f660        0x8
 *(.vector_35)
 .vector_35     0x9d01f660        0x8 /Applications/microchip/xc32/v1.40/bin/bin/../../lib/gcc/pic32mx/4.8.3/../../../../pic32mx/lib/libpic32.a(vector35.o)
                0x9d01f660                __vector_dispatch_35
                0x00000001                ASSERT (((_vector_spacing == 0x0) || (SIZEOF (.vector_35) <= (_vector_spacing << 0x5))), function at exception vector 35 too large)

.vector_36      0x9d01f680        0x8
 *(.vector_36)
 .vector_36     0x9d01f680        0x8 /Applications/microchip/xc32/v1.40/bin/bin/../../lib/gcc/pic32mx/4.8.3/../../../../pic32mx/lib/libpic32.a(vector36.o)
                0x9d01f680                __vector_dispatch_36
                0x00000001                ASSERT (((_vector_spacing == 0x0) || (SIZEOF (.vector_36) <= (_vector_spacing << 0x5))), function at exception vector 36 too large)

.vector_37      0x9d01f6a0        0x8
 *(.vector_37)
 .vector_37     0x9d01f6a0        0x8 /Applications/microchip/xc32/v1.40/bin/bin/../../lib/gcc/pic32mx/4.8.3/../../../../pic32mx/lib/libpic32.a(vector37.o)
                0x9d01f6a0                __vector_dispatch_37
                0x00000001                ASSERT (((_vector_spacing == 0x0) || (SIZEOF (.vector_37) <= (_vector_spacing << 0x5))), function at exception vector 37 too large)

.vector_38      0x9d01f6c0        0x8
 *(.vector_38)
 .vector_38     0x9d01f6c0        0x8 /Applications/microchip/xc32/v1.40/bin/bin/../../lib/gcc/pic32mx/4.8.3/../../../../pic32mx/lib/libpic32.a(vector38.o)
                0x9d01f6c0                __vector_dispatch_38
                0x00000001                ASSERT (((_vector_spacing == 0x0) || (SIZEOF (.vector_38) <= (_vector_spacing << 0x5))), function at exception vector 38 too large)

.vector_39      0x9d01f6e0        0x8
 *(.vector_39)
 .vector_39     0x9d01f6e0        0x8 /Applications/microchip/xc32/v1.40/bin/bin/../../lib/gcc/pic32mx/4.8.3/../../../../pic32mx/lib/libpic32.a(vector39.o)
                0x9d01f6e0                __vector_dispatch_39
                0x00000001                ASSERT (((_vector_spacing == 0x0) || (SIZEOF (.vector_39) <= (_vector_spacing << 0x5))), function at exception vector 39 too large)

.vector_40      0x9d01f700        0x8
 *(.vector_40)
 .vector_40     0x9d01f700        0x8 /Applications/microchip/xc32/v1.40/bin/bin/../../lib/gcc/pic32mx/4.8.3/../../../../pic32mx/lib/libpic32.a(vector40.o)
                0x9d01f700                __vector_dispatch_40
                0x00000001                ASSERT (((_vector_spacing == 0x0) || (SIZEOF (.vector_40) <= (_vector_spacing << 0x5))), function at exception vector 40 too large)

.vector_41      0x9d01f720        0x8
 *(.vector_41)
 .vector_41     0x9d01f720        0x8 /Applications/microchip/xc32/v1.40/bin/bin/../../lib/gcc/pic32mx/4.8.3/../../../../pic32mx/lib/libpic32.a(vector41.o)
                0x9d01f720                __vector_dispatch_41
                0x00000001                ASSERT (((_vector_spacing == 0x0) || (SIZEOF (.vector_41) <= (_vector_spacing << 0x5))), function at exception vector 41 too large)

.vector_42      0x9d01f740        0x8
 *(.vector_42)
 .vector_42     0x9d01f740        0x8 /Applications/microchip/xc32/v1.40/bin/bin/../../lib/gcc/pic32mx/4.8.3/../../../../pic32mx/lib/libpic32.a(vector42.o)
                0x9d01f740                __vector_dispatch_42
                0x00000001                ASSERT (((_vector_spacing == 0x0) || (SIZEOF (.vector_42) <= (_vector_spacing << 0x5))), function at exception vector 42 too large)

.vector_43      0x9d01f760        0x8
 *(.vector_43)
 .vector_43     0x9d01f760        0x8 /Applications/microchip/xc32/v1.40/bin/bin/../../lib/gcc/pic32mx/4.8.3/../../../../pic32mx/lib/libpic32.a(vector43.o)
                0x9d01f760                __vector_dispatch_43
                0x00000001                ASSERT (((_vector_spacing == 0x0) || (SIZEOF (.vector_43) <= (_vector_spacing << 0x5))), function at exception vector 43 too large)

.vector_44      0x9d01f780        0x0
 *(.vector_44)
                0x00000001                ASSERT (((_vector_spacing == 0x0) || (SIZEOF (.vector_44) <= (_vector_spacing << 0x5))), function at exception vector 44 too large)

.vector_45      0x9d01f7a0        0x0
 *(.vector_45)
                0x00000001                ASSERT (((_vector_spacing == 0x0) || (SIZEOF (.vector_45) <= (_vector_spacing << 0x5))), function at exception vector 45 too large)

.vector_46      0x9d01f7c0        0x0
 *(.vector_46)
                0x00000001                ASSERT (((_vector_spacing == 0x0) || (SIZEOF (.vector_46) <= (_vector_spacing << 0x5))), function at exception vector 46 too large)

.vector_47      0x9d01f7e0        0x0
 *(.vector_47)
                0x00000001                ASSERT (((_vector_spacing == 0x0) || (SIZEOF (.vector_47) <= (_vector_spacing << 0x5))), function at exception vector 47 too large)

.vector_48      0x9d01f800        0x0
 *(.vector_48)
                0x00000001                ASSERT (((_vector_spacing == 0x0) || (SIZEOF (.vector_48) <= (_vector_spacing << 0x5))), function at exception vector 48 too large)

.vector_49      0x9d01f820        0x0
 *(.vector_49)
                0x00000001                ASSERT (((_vector_spacing == 0x0) || (SIZEOF (.vector_49) <= (_vector_spacing << 0x5))), function at exception vector 49 too large)

.vector_50      0x9d01f840        0x0
 *(.vector_50)
                0x00000001                ASSERT (((_vector_spacing == 0x0) || (SIZEOF (.vector_50) <= (_vector_spacing << 0x5))), function at exception vector 50 too large)

.vector_51      0x9d01f860        0x0
 *(.vector_51)
                0x00000001                ASSERT (((_vector_spacing == 0x0) || (SIZEOF (.vector_51) <= (_vector_spacing << 0x5))), function at exception vector 51 too large)

.vector_52      0x9d01f880        0x0
 *(.vector_52)
                0x00000001                ASSERT (((_vector_spacing == 0x0) || (SIZEOF (.vector_52) <= (_vector_spacing << 0x5))), function at exception vector 52 too large)

.vector_53      0x9d01f8a0        0x0
 *(.vector_53)
                0x00000001                ASSERT (((_vector_spacing == 0x0) || (SIZEOF (.vector_53) <= (_vector_spacing << 0x5))), function at exception vector 53 too large)

.vector_54      0x9d01f8c0        0x0
 *(.vector_54)
                0x00000001                ASSERT (((_vector_spacing == 0x0) || (SIZEOF (.vector_54) <= (_vector_spacing << 0x5))), function at exception vector 54 too large)

.vector_55      0x9d01f8e0        0x0
 *(.vector_55)
                0x00000001                ASSERT (((_vector_spacing == 0x0) || (SIZEOF (.vector_55) <= (_vector_spacing << 0x5))), function at exception vector 55 too large)

.vector_56      0x9d01f900        0x0
 *(.vector_56)
                0x00000001                ASSERT (((_vector_spacing == 0x0) || (SIZEOF (.vector_56) <= (_vector_spacing << 0x5))), function at exception vector 56 too large)

.vector_57      0x9d01f920        0x0
 *(.vector_57)
                0x00000001                ASSERT (((_vector_spacing == 0x0) || (SIZEOF (.vector_57) <= (_vector_spacing << 0x5))), function at exception vector 57 too large)

.vector_58      0x9d01f940        0x0
 *(.vector_58)
                0x00000001                ASSERT (((_vector_spacing == 0x0) || (SIZEOF (.vector_58) <= (_vector_spacing << 0x5))), function at exception vector 58 too large)

.vector_59      0x9d01f960        0x0
 *(.vector_59)
                0x00000001                ASSERT (((_vector_spacing == 0x0) || (SIZEOF (.vector_59) <= (_vector_spacing << 0x5))), function at exception vector 59 too large)

.vector_60      0x9d01f980        0x0
 *(.vector_60)
                0x00000001                ASSERT (((_vector_spacing == 0x0) || (SIZEOF (.vector_60) <= (_vector_spacing << 0x5))), function at exception vector 60 too large)

.vector_61      0x9d01f9a0        0x0
 *(.vector_61)
                0x00000001                ASSERT (((_vector_spacing == 0x0) || (SIZEOF (.vector_61) <= (_vector_spacing << 0x5))), function at exception vector 61 too large)

.vector_62      0x9d01f9c0        0x0
 *(.vector_62)
                0x00000001                ASSERT (((_vector_spacing == 0x0) || (SIZEOF (.vector_62) <= (_vector_spacing << 0x5))), function at exception vector 62 too large)

.vector_63      0x9d01f9e0        0x0
 *(.vector_63)
                0x00000001                ASSERT (((_vector_spacing == 0x0) || (SIZEOF (.vector_63) <= (_vector_spacing << 0x5))), function at exception vector 63 too large)

.startup
 *(.startup)

.text           0x9d000000        0x0
 *(.stub .gnu.linkonce.t.*)
 *(.text.*personality*)
 *(.mips16.fn.*)
 *(.mips16.call.*)
 *(.gnu.warning)
                0x9d000000                . = ALIGN (0x4)

.init           0x9d000000        0x0
 *crti.o(.init)
 *crtbegin.o(.init)
 *(EXCLUDE_FILE(*crtn.o *crtend?.o *crtend.o) .init)
 *crtend.o(.init)
 *crtn.o(.init)
                0x9d000000                . = ALIGN (0x4)

.fini           0x9d000000        0x0
 *(.fini)
                0x9d000000                . = ALIGN (0x4)

.preinit_array  0x9d000000        0x0
                0x9d000000                PROVIDE (__preinit_array_start, .)
 *(.preinit_array)
                0x9d000000                PROVIDE (__preinit_array_end, .)
                0x9d000000                . = ALIGN (0x4)

.init_array     0x9d000000        0x0
                0x9d000000                PROVIDE (__init_array_start, .)
 *(SORT(.init_array.*))
 *(.init_array)
                0x9d000000                PROVIDE (__init_array_end, .)
                0x9d000000                . = ALIGN (0x4)

.fini_array     0x9d000000        0x0
                0x9d000000                PROVIDE (__fini_array_start, .)
 *(SORT(.fini_array.*))
 *(.fini_array)
                0x9d000000                PROVIDE (__fini_array_end, .)
                0x9d000000                . = ALIGN (0x4)

.ctors          0x9d000000        0x0
 *crtbegin.o(.ctors)
 *crtbegin?.o(.ctors)
 *(EXCLUDE_FILE(*crtend?.o *crtend.o) .ctors)
 *(SORT(.ctors.*))
 *(.ctors)
                0x9d000000                . = ALIGN (0x4)

.dtors          0x9d000000        0x0
 *crtbegin.o(.dtors)
 *crtbegin?.o(.dtors)
 *(EXCLUDE_FILE(*crtend?.o *crtend.o) .dtors)
 *(SORT(.dtors.*))
 *(.dtors)
                0x9d000000                . = ALIGN (0x4)

.rodata         0x9d000000        0x0
 *(.gnu.linkonce.r.*)
 *(.rodata1)
                0x9d000000                . = ALIGN (0x4)

.sdata2         0x9fc00490        0x0
 *(.sdata2 .sdata2.* .gnu.linkonce.s2.*)
                0x9fc00490                . = ALIGN (0x4)

.sbss2          0x9fc00490        0x0
 *(.sbss2 .sbss2.* .gnu.linkonce.sb2.*)
                0x9fc00490                . = ALIGN (0x4)

.eh_frame_hdr
 *(.eh_frame_hdr)
                0x9fc00490                . = ALIGN (0x4)

.eh_frame
 *(.eh_frame)
                0x9fc00490                . = ALIGN (0x4)

.gcc_except_table
 *(.gcc_except_table .gcc_except_table.*)
                0x9fc00490                . = ALIGN (0x4)

.dbg_data       0xa0000000        0x0
                0xa0000000                . = (. + DEFINED (_DEBUGGER)?0x200:0x0)

.jcr            0xa0000000        0x0
 *(.jcr)
                0xa0000000                . = ALIGN (0x4)

.eh_frame
 *(.eh_frame)
                0xa0000000                . = ALIGN (0x4)

.gcc_except_table
 *(.gcc_except_table .gcc_except_table.*)
                0xa0000000                . = ALIGN (0x4)

.persist        0xa0000000        0x0
                0xa0000000                _persist_begin = .
 *(.persist .persist.*)
 *(.pbss .pbss.*)
                0xa0000000                . = ALIGN (0x4)
                0xa0000000                _persist_end = .

.data           0xa0000000        0x0
 *(.gnu.linkonce.d.*)
 *(.data1)
                0xa0000000                . = ALIGN (0x4)
                0xa0000000                . = .
                0xa0007ff0                _gp = (ALIGN (0x10) + 0x7ff0)

.got            0xa0000000        0x0
 *(.got.plt)
 *(.got)
                0xa0000000                . = ALIGN (0x4)

.sdata          0xa0000000        0x8
                0xa0000000                _sdata_begin = .
 *(.sdata .sdata.* .gnu.linkonce.s.*)
 .sdata         0xa0000000        0x4 build/default/production/TFT_keypad_BRL4.o
                0xa0000000                CursorX
 .sdata         0xa0000004        0x4 /Applications/microchip/xc32/v1.40/bin/bin/../../lib/gcc/pic32mx/4.8.3/../../../../pic32mx/lib/libpic32.a(xc32_uart.o)
                0xa0000004                __XC_UART
                0xa0000008                . = ALIGN (0x4)
                0xa0000008                _sdata_end = .

.lit8
 *(.lit8)

.lit4
 *(.lit4)
                0xa0000008                . = ALIGN (0x4)
                0xa0000008                _data_end = .
                0xa0000008                _bss_begin = .

.sbss           0xa0000008       0x68
                0xa0000008                _sbss_begin = .
 *(.dynsbss)
 *(.sbss .sbss.* .gnu.linkonce.sb.*)
 .sbss          0xa0000008       0x3c build/default/production/TFT_keypad_BRL4.o
                0xa0000020                PushState
                0xa0000024                ArrayPtr
 *(.scommon)
 .scommon       0xa0000044        0x4 build/default/production/tft_master.o
                0xa0000044                _width
                0xa0000046                _height
 .scommon       0xa0000048        0xe build/default/production/tft_gfx.o
                0xa0000048                cursor_y
                0xa000004a                rotation
                0xa000004c                cursor_x
                0xa000004e                wrap
                0xa0000050                textsize
                0xa0000052                textbgcolor
                0xa0000054                textcolor
 *fill*         0xa0000056        0x2 
 .scommon       0xa0000058       0x18 build/default/production/TFT_keypad_BRL4.o
                0xa0000058                num_send_chars
                0xa000005c                sys_time_seconds
                0xa0000060                time_tick_millsec
                0xa0000064                num_char
                0xa0000068                CVRCON_setup
                0xa000006c                press
                0xa0000070                _sbss_end = .
                0xa0000070                . = ALIGN (0x4)

.bss            0xa0000070       0xe8
 *(.dynbss)
 *(COMMON)
 COMMON         0xa0000070       0xe8 build/default/production/TFT_keypad_BRL4.o
                0xa0000070                DialBuffer
                0xa00000ac                PT_send_buffer
                0xa00000cc                DialArray
                0xa00000fc                buffer
                0xa0000138                PT_term_buffer
                0xa0000158                . = ALIGN ((. != 0x0)?0x4:0x1)
                0xa0000158                . = ALIGN (0x4)
                0xa0000158                _end = .
                0xa0000158                _bss_end = .
                0x00008000                _bmxdudba_address = 0x8000
                0x00008000                _bmxdupba_address = 0x8000

/DISCARD/
 *(.pdr)
 *(.rel.dyn)
 *(.note.GNU-stack)
 *(.note.GNU-stack)
 *(.gnu_debuglink)
 *(.gnu.lto_*)
 *(.discard)

.gptab.sdata
 *(.gptab.data)
 *(.gptab.sdata)

.gptab.sbss
 *(.gptab.bss)
 *(.gptab.sbss)

.mdebug.abi32   0xa0000158        0x0
 *(.mdebug.abi32)
 .mdebug.abi32  0xa0000158        0x0 build/default/production/tft_master.o
 .mdebug.abi32  0xa0000158        0x0 build/default/production/tft_gfx.o
 .mdebug.abi32  0xa0000158        0x0 build/default/production/glcdfont.o
 .mdebug.abi32  0xa0000158        0x0 build/default/production/TFT_keypad_BRL4.o
 .mdebug.abi32  0xa0000158        0x0 /Applications/microchip/xc32/v1.40/bin/bin/../../lib/gcc/pic32mx/4.8.3/../../../../pic32mx/lib/libmchp_peripheral.a(read_core_timer_lib.o)
 .mdebug.abi32  0xa0000158        0x0 /Applications/microchip/xc32/v1.40/bin/bin/../../lib/gcc/pic32mx/4.8.3/../../../../pic32mx/lib/libmchp_peripheral.a(write_core_timer_lib.o)
 .mdebug.abi32  0xa0000158        0x0 /Applications/microchip/xc32/v1.40/bin/bin/../../lib/gcc/pic32mx/4.8.3/../../../../pic32mx/lib/libmchp_peripheral_32MX250F128B.a(int_disable_interrupts_lib.o)
 .mdebug.abi32  0xa0000158        0x0 /Applications/microchip/xc32/v1.40/bin/bin/../../lib/gcc/pic32mx/4.8.3/../../../../pic32mx/lib/libmchp_peripheral_32MX250F128B.a(int_restore_interrupts_lib.o)
 .mdebug.abi32  0xa0000158        0x0 /Applications/microchip/xc32/v1.40/bin/bin/../../lib/gcc/pic32mx/4.8.3/../../../../pic32mx/lib/libmchp_peripheral_32MX250F128B.a(int_enable_mv_int_lib.o)
 .mdebug.abi32  0xa0000158        0x0 /Applications/microchip/xc32/v1.40/bin/bin/../../lib/gcc/pic32mx/4.8.3/../../../../pic32mx/lib/libmchp_peripheral_32MX250F128B.a(spi_chn_open_lib.o)
 .mdebug.abi32  0xa0000158        0x0 /Applications/microchip/xc32/v1.40/bin/bin/../../lib/gcc/pic32mx/4.8.3/../../../../pic32mx/lib/libmchp_peripheral_32MX250F128B.a(spi_map_tbl_libp.o)
 .mdebug.abi32  0xa0000158        0x0 /Applications/microchip/xc32/v1.40/bin/bin/../../lib/gcc/pic32mx/4.8.3/../../../../pic32mx/lib/libmchp_peripheral_32MX250F128B.a(dma_chn_enable_lib.o)
 .mdebug.abi32  0xa0000158        0x0 /Applications/microchip/xc32/v1.40/bin/bin/../../lib/gcc/pic32mx/4.8.3/../../../../pic32mx/lib/libmchp_peripheral_32MX250F128B.a(dma_chn_get_ev_flags_lib.o)
 .mdebug.abi32  0xa0000158        0x0 /Applications/microchip/xc32/v1.40/bin/bin/../../lib/gcc/pic32mx/4.8.3/../../../../pic32mx/lib/libmchp_peripheral_32MX250F128B.a(dma_reg_map_tbl_lib.o)
 .mdebug.abi32  0xa0000158        0x0 /Applications/microchip/xc32/v1.40/bin/bin/../../lib/gcc/pic32mx/4.8.3/../../../../pic32mx/lib/libmchp_peripheral_32MX250F128B.a(uart_lib.o)
 .mdebug.abi32  0xa0000158        0x0 /Applications/microchip/xc32/v1.40/bin/bin/../../lib/gcc/pic32mx/4.8.3/../../../../pic32mx/lib/libmchp_peripheral_32MX250F128B.a(int_enable_interrupts_lib.o)
 .mdebug.abi32  0xa0000158        0x0 /Applications/microchip/xc32/v1.40/bin/bin/../../lib/gcc/pic32mx/4.8.3/../../../../pic32mx/lib/libmchp_peripheral_32MX250F128B.a(int_tbl_lib.o)
 .mdebug.abi32  0xa0000158        0x0 /Applications/microchip/xc32/v1.40/bin/bin/../../lib/gcc/pic32mx/4.8.3/../../../../pic32mx/lib/libpic32.a(default-bootstrap-exception-handler.o)
 .mdebug.abi32  0xa0000158        0x0 /Applications/microchip/xc32/v1.40/bin/bin/../../lib/gcc/pic32mx/4.8.3/../../../../pic32mx/lib/libpic32.a(default-on-reset.o)
 .mdebug.abi32  0xa0000158        0x0 /Applications/microchip/xc32/v1.40/bin/bin/../../lib/gcc/pic32mx/4.8.3/../../../../pic32mx/lib/libpic32.a(default-on-bootstrap.o)
 .mdebug.abi32  0xa0000158        0x0 /Applications/microchip/xc32/v1.40/bin/bin/../../lib/gcc/pic32mx/4.8.3/../../../../pic32mx/lib/libpic32.a(default-general-exception-handler.o)
 .mdebug.abi32  0xa0000158        0x0 /Applications/microchip/xc32/v1.40/bin/bin/../../lib/gcc/pic32mx/4.8.3/../../../../pic32mx/lib/libpic32.a(defaultinterrupt.o)
 .mdebug.abi32  0xa0000158        0x0 /Applications/microchip/xc32/v1.40/bin/bin/../../lib/gcc/pic32mx/4.8.3/../../../../pic32mx/lib/libc.a(rand.o)
 .mdebug.abi32  0xa0000158        0x0 /Applications/microchip/xc32/v1.40/bin/bin/../../lib/gcc/pic32mx/4.8.3/../../../../pic32mx/lib/libc.a(sprintf_cdnopuxX.eo)
 .mdebug.abi32  0xa0000158        0x0 /Applications/microchip/xc32/v1.40/bin/bin/../../lib/gcc/pic32mx/4.8.3/../../../../pic32mx/lib/libc.a(doprnt_cdnopuxX.eo)
 .mdebug.abi32  0xa0000158        0x0 /Applications/microchip/xc32/v1.40/bin/bin/../../lib/gcc/pic32mx/4.8.3/../../../../pic32mx/lib/libc.a(_fputc_simple.o)
 .mdebug.abi32  0xa0000158        0x0 /Applications/microchip/xc32/v1.40/bin/bin/../../lib/gcc/pic32mx/4.8.3/../../../../pic32mx/lib/libc.a(ctype.o)
 .mdebug.abi32  0xa0000158        0x0 /Applications/microchip/xc32/v1.40/bin/bin/../../lib/gcc/pic32mx/4.8.3/../../../../pic32mx/lib/libc.a(_iob.o)
 .mdebug.abi32  0xa0000158        0x0 /Applications/microchip/xc32/v1.40/bin/bin/../../lib/gcc/pic32mx/4.8.3/../../../../pic32mx/lib/libc.a(_flsbuf_simple.o)
 .mdebug.abi32  0xa0000158        0x0 /Applications/microchip/xc32/v1.40/bin/bin/../../lib/gcc/pic32mx/4.8.3/../../../../pic32mx/lib/libpic32.a(write.o)
 .mdebug.abi32  0xa0000158        0x0 /Applications/microchip/xc32/v1.40/bin/bin/../../lib/gcc/pic32mx/4.8.3/../../../../pic32mx/lib/libpic32.a(_mon_putc.o)
 .mdebug.abi32  0xa0000158        0x0 /Applications/microchip/xc32/v1.40/bin/bin/../../lib/gcc/pic32mx/4.8.3/../../../../pic32mx/lib/libpic32.a(xc32_uart.o)
 .mdebug.abi32  0xa0000158        0x0 /Applications/microchip/xc32/v1.40/bin/bin/../../lib/gcc/pic32mx/4.8.3/libgcc.a(_udivdi3.o)
 .mdebug.abi32  0xa0000158        0x0 /Applications/microchip/xc32/v1.40/bin/bin/../../lib/gcc/pic32mx/4.8.3/libgcc.a(_umoddi3.o)

.mdebug.abiN32
 *(.mdebug.abiN32)

.mdebug.abi64
 *(.mdebug.abi64)

.mdebug.abiO64
 *(.mdebug.abiO64)

.mdebug.eabi32
 *(.mdebug.eabi32)

.mdebug.eabi64
 *(.mdebug.eabi64)

.gcc_compiled_long32
 *(.gcc_compiled_long32)

.gcc_compiled_long64
 *(.gcc_compiled_long64)

.stab
 *(.stab)

.stabstr
 *(.stabstr)

.stab.excl
 *(.stab.excl)

.stab.exclstr
 *(.stab.exclstr)

.stab.index
 *(.stab.index)

.stab.indexstr
 *(.stab.indexstr)

.comment        0x00000000       0x8a
 *(.comment)
 .comment       0x00000000       0x3c build/default/production/tft_master.o
                                 0x3d (size before relaxing)
 .comment       0x00000000       0x3d build/default/production/tft_gfx.o
 .comment       0x00000000       0x3d build/default/production/glcdfont.o
 .comment       0x00000000       0x3d build/default/production/TFT_keypad_BRL4.o
 .comment       0x00000000       0x3d /Applications/microchip/xc32/v1.40/bin/bin/../../lib/gcc/pic32mx/4.8.3/../../../../pic32mx/lib/libmchp_peripheral.a(read_core_timer_lib.o)
 .comment       0x00000000       0x3d /Applications/microchip/xc32/v1.40/bin/bin/../../lib/gcc/pic32mx/4.8.3/../../../../pic32mx/lib/libmchp_peripheral.a(write_core_timer_lib.o)
 .comment       0x00000000       0x3d /Applications/microchip/xc32/v1.40/bin/bin/../../lib/gcc/pic32mx/4.8.3/../../../../pic32mx/lib/libmchp_peripheral_32MX250F128B.a(int_disable_interrupts_lib.o)
 .comment       0x00000000       0x3d /Applications/microchip/xc32/v1.40/bin/bin/../../lib/gcc/pic32mx/4.8.3/../../../../pic32mx/lib/libmchp_peripheral_32MX250F128B.a(int_restore_interrupts_lib.o)
 .comment       0x00000000       0x3d /Applications/microchip/xc32/v1.40/bin/bin/../../lib/gcc/pic32mx/4.8.3/../../../../pic32mx/lib/libmchp_peripheral_32MX250F128B.a(int_enable_mv_int_lib.o)
 .comment       0x00000000       0x3d /Applications/microchip/xc32/v1.40/bin/bin/../../lib/gcc/pic32mx/4.8.3/../../../../pic32mx/lib/libmchp_peripheral_32MX250F128B.a(spi_chn_open_lib.o)
 .comment       0x00000000       0x3d /Applications/microchip/xc32/v1.40/bin/bin/../../lib/gcc/pic32mx/4.8.3/../../../../pic32mx/lib/libmchp_peripheral_32MX250F128B.a(spi_map_tbl_libp.o)
 .comment       0x00000000       0x3d /Applications/microchip/xc32/v1.40/bin/bin/../../lib/gcc/pic32mx/4.8.3/../../../../pic32mx/lib/libmchp_peripheral_32MX250F128B.a(dma_chn_enable_lib.o)
 .comment       0x00000000       0x3d /Applications/microchip/xc32/v1.40/bin/bin/../../lib/gcc/pic32mx/4.8.3/../../../../pic32mx/lib/libmchp_peripheral_32MX250F128B.a(dma_chn_get_ev_flags_lib.o)
 .comment       0x00000000       0x3d /Applications/microchip/xc32/v1.40/bin/bin/../../lib/gcc/pic32mx/4.8.3/../../../../pic32mx/lib/libmchp_peripheral_32MX250F128B.a(dma_reg_map_tbl_lib.o)
 .comment       0x00000000       0x3d /Applications/microchip/xc32/v1.40/bin/bin/../../lib/gcc/pic32mx/4.8.3/../../../../pic32mx/lib/libmchp_peripheral_32MX250F128B.a(uart_lib.o)
 .comment       0x00000000       0x3d /Applications/microchip/xc32/v1.40/bin/bin/../../lib/gcc/pic32mx/4.8.3/../../../../pic32mx/lib/libmchp_peripheral_32MX250F128B.a(int_enable_interrupts_lib.o)
 .comment       0x00000000       0x3d /Applications/microchip/xc32/v1.40/bin/bin/../../lib/gcc/pic32mx/4.8.3/../../../../pic32mx/lib/libmchp_peripheral_32MX250F128B.a(int_tbl_lib.o)
 .comment       0x00000000       0x3d /Applications/microchip/xc32/v1.40/bin/bin/../../lib/gcc/pic32mx/4.8.3/../../../../pic32mx/lib/libpic32.a(default-bootstrap-exception-handler.o)
 .comment       0x00000000       0x3d /Applications/microchip/xc32/v1.40/bin/bin/../../lib/gcc/pic32mx/4.8.3/../../../../pic32mx/lib/libpic32.a(default-on-reset.o)
 .comment       0x00000000       0x3d /Applications/microchip/xc32/v1.40/bin/bin/../../lib/gcc/pic32mx/4.8.3/../../../../pic32mx/lib/libpic32.a(default-on-bootstrap.o)
 .comment       0x00000000       0x3d /Applications/microchip/xc32/v1.40/bin/bin/../../lib/gcc/pic32mx/4.8.3/../../../../pic32mx/lib/libpic32.a(default-general-exception-handler.o)
 .comment       0x00000000       0x3d /Applications/microchip/xc32/v1.40/bin/bin/../../lib/gcc/pic32mx/4.8.3/../../../../pic32mx/lib/libpic32.a(defaultinterrupt.o)
 .comment       0x00000000       0x3d /Applications/microchip/xc32/v1.40/bin/bin/../../lib/gcc/pic32mx/4.8.3/../../../../pic32mx/lib/libc.a(rand.o)
 .comment       0x00000000       0x3d /Applications/microchip/xc32/v1.40/bin/bin/../../lib/gcc/pic32mx/4.8.3/../../../../pic32mx/lib/libc.a(sprintf_cdnopuxX.eo)
 .comment       0x00000000       0x3d /Applications/microchip/xc32/v1.40/bin/bin/../../lib/gcc/pic32mx/4.8.3/../../../../pic32mx/lib/libc.a(doprnt_cdnopuxX.eo)
 .comment       0x00000000       0x3d /Applications/microchip/xc32/v1.40/bin/bin/../../lib/gcc/pic32mx/4.8.3/../../../../pic32mx/lib/libc.a(_fputc_simple.o)
 .comment       0x0000003c       0x4e /Applications/microchip/xc32/v1.40/bin/bin/../../lib/gcc/pic32mx/4.8.3/../../../../pic32mx/lib/libc.a(ctype.o)
                                 0x8b (size before relaxing)
 .comment       0x00000000       0x3d /Applications/microchip/xc32/v1.40/bin/bin/../../lib/gcc/pic32mx/4.8.3/../../../../pic32mx/lib/libc.a(_iob.o)
 .comment       0x00000000       0x3d /Applications/microchip/xc32/v1.40/bin/bin/../../lib/gcc/pic32mx/4.8.3/../../../../pic32mx/lib/libc.a(_flsbuf_simple.o)
 .comment       0x00000000       0x3d /Applications/microchip/xc32/v1.40/bin/bin/../../lib/gcc/pic32mx/4.8.3/../../../../pic32mx/lib/libpic32.a(write.o)
 .comment       0x00000000       0x3d /Applications/microchip/xc32/v1.40/bin/bin/../../lib/gcc/pic32mx/4.8.3/../../../../pic32mx/lib/libpic32.a(_mon_putc.o)
 .comment       0x00000000       0x3d /Applications/microchip/xc32/v1.40/bin/bin/../../lib/gcc/pic32mx/4.8.3/../../../../pic32mx/lib/libpic32.a(xc32_uart.o)
 .comment       0x00000000       0x3d /Applications/microchip/xc32/v1.40/bin/bin/../../lib/gcc/pic32mx/4.8.3/libgcc.a(_udivdi3.o)
 .comment       0x00000000       0x3d /Applications/microchip/xc32/v1.40/bin/bin/../../lib/gcc/pic32mx/4.8.3/libgcc.a(_umoddi3.o)

.debug
 *(.debug)

.line
 *(.line)

.debug_srcinfo
 *(.debug_srcinfo)

.debug_sfnames
 *(.debug_sfnames)

.debug_aranges  0x00000000      0x418
 *(.debug_aranges)
 .debug_aranges
                0x00000000       0x20 build/default/production/tft_master.o
 .debug_aranges
                0x00000020       0x20 build/default/production/tft_gfx.o
 .debug_aranges
                0x00000040       0x18 build/default/production/glcdfont.o
 .debug_aranges
                0x00000058       0x20 build/default/production/TFT_keypad_BRL4.o
 .debug_aranges
                0x00000078       0x20 /Applications/microchip/xc32/v1.40/bin/bin/../../lib/gcc/pic32mx/4.8.3/../../../../pic32mx/lib/libmchp_peripheral.a(read_core_timer_lib.o)
 .debug_aranges
                0x00000098       0x20 /Applications/microchip/xc32/v1.40/bin/bin/../../lib/gcc/pic32mx/4.8.3/../../../../pic32mx/lib/libmchp_peripheral.a(write_core_timer_lib.o)
 .debug_aranges
                0x000000b8       0x20 /Applications/microchip/xc32/v1.40/bin/bin/../../lib/gcc/pic32mx/4.8.3/../../../../pic32mx/lib/libmchp_peripheral_32MX250F128B.a(int_disable_interrupts_lib.o)
 .debug_aranges
                0x000000d8       0x20 /Applications/microchip/xc32/v1.40/bin/bin/../../lib/gcc/pic32mx/4.8.3/../../../../pic32mx/lib/libmchp_peripheral_32MX250F128B.a(int_restore_interrupts_lib.o)
 .debug_aranges
                0x000000f8       0x20 /Applications/microchip/xc32/v1.40/bin/bin/../../lib/gcc/pic32mx/4.8.3/../../../../pic32mx/lib/libmchp_peripheral_32MX250F128B.a(int_enable_mv_int_lib.o)
 .debug_aranges
                0x00000118       0x20 /Applications/microchip/xc32/v1.40/bin/bin/../../lib/gcc/pic32mx/4.8.3/../../../../pic32mx/lib/libmchp_peripheral_32MX250F128B.a(spi_chn_open_lib.o)
 .debug_aranges
                0x00000138       0x20 /Applications/microchip/xc32/v1.40/bin/bin/../../lib/gcc/pic32mx/4.8.3/../../../../pic32mx/lib/libmchp_peripheral_32MX250F128B.a(dma_chn_enable_lib.o)
 .debug_aranges
                0x00000158       0x20 /Applications/microchip/xc32/v1.40/bin/bin/../../lib/gcc/pic32mx/4.8.3/../../../../pic32mx/lib/libmchp_peripheral_32MX250F128B.a(dma_chn_get_ev_flags_lib.o)
 .debug_aranges
                0x00000178       0x58 /Applications/microchip/xc32/v1.40/bin/bin/../../lib/gcc/pic32mx/4.8.3/../../../../pic32mx/lib/libmchp_peripheral_32MX250F128B.a(uart_lib.o)
 .debug_aranges
                0x000001d0       0x20 /Applications/microchip/xc32/v1.40/bin/bin/../../lib/gcc/pic32mx/4.8.3/../../../../pic32mx/lib/libmchp_peripheral_32MX250F128B.a(int_enable_interrupts_lib.o)
 .debug_aranges
                0x000001f0       0x60 /Applications/microchip/xc32/v1.40/bin/bin/../../lib/gcc/pic32mx/4.8.3/../../../../pic32mx/lib/libmchp_peripheral_32MX250F128B.a(int_tbl_lib.o)
 .debug_aranges
                0x00000250       0x20 /Applications/microchip/xc32/v1.40/bin/bin/../../lib/gcc/pic32mx/4.8.3/../../../../pic32mx/lib/libpic32.a(default-bootstrap-exception-handler.o)
 .debug_aranges
                0x00000270       0x20 /Applications/microchip/xc32/v1.40/bin/bin/../../lib/gcc/pic32mx/4.8.3/../../../../pic32mx/lib/libpic32.a(default-on-reset.o)
 .debug_aranges
                0x00000290       0x20 /Applications/microchip/xc32/v1.40/bin/bin/../../lib/gcc/pic32mx/4.8.3/../../../../pic32mx/lib/libpic32.a(default-on-bootstrap.o)
 .debug_aranges
                0x000002b0       0x20 /Applications/microchip/xc32/v1.40/bin/bin/../../lib/gcc/pic32mx/4.8.3/../../../../pic32mx/lib/libpic32.a(default-general-exception-handler.o)
 .debug_aranges
                0x000002d0       0x20 /Applications/microchip/xc32/v1.40/bin/bin/../../lib/gcc/pic32mx/4.8.3/../../../../pic32mx/lib/libpic32.a(defaultinterrupt.o)
 .debug_aranges
                0x000002f0       0x28 /Applications/microchip/xc32/v1.40/bin/bin/../../lib/gcc/pic32mx/4.8.3/../../../../pic32mx/lib/libc.a(rand.o)
 .debug_aranges
                0x00000318       0x20 /Applications/microchip/xc32/v1.40/bin/bin/../../lib/gcc/pic32mx/4.8.3/../../../../pic32mx/lib/libc.a(sprintf_cdnopuxX.eo)
 .debug_aranges
                0x00000338       0x20 /Applications/microchip/xc32/v1.40/bin/bin/../../lib/gcc/pic32mx/4.8.3/../../../../pic32mx/lib/libc.a(doprnt_cdnopuxX.eo)
 .debug_aranges
                0x00000358       0x20 /Applications/microchip/xc32/v1.40/bin/bin/../../lib/gcc/pic32mx/4.8.3/../../../../pic32mx/lib/libc.a(_fputc_simple.o)
 .debug_aranges
                0x00000378       0x20 /Applications/microchip/xc32/v1.40/bin/bin/../../lib/gcc/pic32mx/4.8.3/../../../../pic32mx/lib/libc.a(_flsbuf_simple.o)
 .debug_aranges
                0x00000398       0x20 /Applications/microchip/xc32/v1.40/bin/bin/../../lib/gcc/pic32mx/4.8.3/../../../../pic32mx/lib/libpic32.a(write.o)
 .debug_aranges
                0x000003b8       0x20 /Applications/microchip/xc32/v1.40/bin/bin/../../lib/gcc/pic32mx/4.8.3/../../../../pic32mx/lib/libpic32.a(_mon_putc.o)
 .debug_aranges
                0x000003d8       0x20 /Applications/microchip/xc32/v1.40/bin/bin/../../lib/gcc/pic32mx/4.8.3/libgcc.a(_udivdi3.o)
 .debug_aranges
                0x000003f8       0x20 /Applications/microchip/xc32/v1.40/bin/bin/../../lib/gcc/pic32mx/4.8.3/libgcc.a(_umoddi3.o)

.debug_pubnames
 *(.debug_pubnames)

.debug_info     0x00000000     0x89ab
 *(.debug_info .gnu.linkonce.wi.*)
 .debug_info    0x00000000     0x233b build/default/production/tft_master.o
 .debug_info    0x0000233b     0x2302 build/default/production/tft_gfx.o
 .debug_info    0x0000463d       0xad build/default/production/glcdfont.o
 .debug_info    0x000046ea     0x217c build/default/production/TFT_keypad_BRL4.o
 .debug_info    0x00006866       0xa8 /Applications/microchip/xc32/v1.40/bin/bin/../../lib/gcc/pic32mx/4.8.3/../../../../pic32mx/lib/libmchp_peripheral.a(read_core_timer_lib.o)
 .debug_info    0x0000690e       0xaa /Applications/microchip/xc32/v1.40/bin/bin/../../lib/gcc/pic32mx/4.8.3/../../../../pic32mx/lib/libmchp_peripheral.a(write_core_timer_lib.o)
 .debug_info    0x000069b8       0xb4 /Applications/microchip/xc32/v1.40/bin/bin/../../lib/gcc/pic32mx/4.8.3/../../../../pic32mx/lib/libmchp_peripheral_32MX250F128B.a(int_disable_interrupts_lib.o)
 .debug_info    0x00006a6c       0xb4 /Applications/microchip/xc32/v1.40/bin/bin/../../lib/gcc/pic32mx/4.8.3/../../../../pic32mx/lib/libmchp_peripheral_32MX250F128B.a(int_restore_interrupts_lib.o)
 .debug_info    0x00006b20       0xba /Applications/microchip/xc32/v1.40/bin/bin/../../lib/gcc/pic32mx/4.8.3/../../../../pic32mx/lib/libmchp_peripheral_32MX250F128B.a(int_enable_mv_int_lib.o)
 .debug_info    0x00006bda       0xa0 /Applications/microchip/xc32/v1.40/bin/bin/../../lib/gcc/pic32mx/4.8.3/../../../../pic32mx/lib/libmchp_peripheral_32MX250F128B.a(spi_chn_open_lib.o)
 .debug_info    0x00006c7a       0xa4 /Applications/microchip/xc32/v1.40/bin/bin/../../lib/gcc/pic32mx/4.8.3/../../../../pic32mx/lib/libmchp_peripheral_32MX250F128B.a(dma_chn_enable_lib.o)
 .debug_info    0x00006d1e       0xae /Applications/microchip/xc32/v1.40/bin/bin/../../lib/gcc/pic32mx/4.8.3/../../../../pic32mx/lib/libmchp_peripheral_32MX250F128B.a(dma_chn_get_ev_flags_lib.o)
 .debug_info    0x00006dcc      0x17a /Applications/microchip/xc32/v1.40/bin/bin/../../lib/gcc/pic32mx/4.8.3/../../../../pic32mx/lib/libmchp_peripheral_32MX250F128B.a(uart_lib.o)
 .debug_info    0x00006f46       0xb2 /Applications/microchip/xc32/v1.40/bin/bin/../../lib/gcc/pic32mx/4.8.3/../../../../pic32mx/lib/libmchp_peripheral_32MX250F128B.a(int_enable_interrupts_lib.o)
 .debug_info    0x00006ff8      0x19c /Applications/microchip/xc32/v1.40/bin/bin/../../lib/gcc/pic32mx/4.8.3/../../../../pic32mx/lib/libmchp_peripheral_32MX250F128B.a(int_tbl_lib.o)
 .debug_info    0x00007194       0xe3 /Applications/microchip/xc32/v1.40/bin/bin/../../lib/gcc/pic32mx/4.8.3/../../../../pic32mx/lib/libpic32.a(default-bootstrap-exception-handler.o)
 .debug_info    0x00007277       0xbd /Applications/microchip/xc32/v1.40/bin/bin/../../lib/gcc/pic32mx/4.8.3/../../../../pic32mx/lib/libpic32.a(default-on-reset.o)
 .debug_info    0x00007334       0xc5 /Applications/microchip/xc32/v1.40/bin/bin/../../lib/gcc/pic32mx/4.8.3/../../../../pic32mx/lib/libpic32.a(default-on-bootstrap.o)
 .debug_info    0x000073f9       0xdf /Applications/microchip/xc32/v1.40/bin/bin/../../lib/gcc/pic32mx/4.8.3/../../../../pic32mx/lib/libpic32.a(default-general-exception-handler.o)
 .debug_info    0x000074d8       0xd7 /Applications/microchip/xc32/v1.40/bin/bin/../../lib/gcc/pic32mx/4.8.3/../../../../pic32mx/lib/libpic32.a(defaultinterrupt.o)
 .debug_info    0x000075af       0xcd /Applications/microchip/xc32/v1.40/bin/bin/../../lib/gcc/pic32mx/4.8.3/../../../../pic32mx/lib/libc.a(rand.o)
 .debug_info    0x0000767c       0xc2 /Applications/microchip/xc32/v1.40/bin/bin/../../lib/gcc/pic32mx/4.8.3/../../../../pic32mx/lib/libc.a(sprintf_cdnopuxX.eo)
 .debug_info    0x0000773e       0xc3 /Applications/microchip/xc32/v1.40/bin/bin/../../lib/gcc/pic32mx/4.8.3/../../../../pic32mx/lib/libc.a(doprnt_cdnopuxX.eo)
 .debug_info    0x00007801       0xb4 /Applications/microchip/xc32/v1.40/bin/bin/../../lib/gcc/pic32mx/4.8.3/../../../../pic32mx/lib/libc.a(_fputc_simple.o)
 .debug_info    0x000078b5       0xb7 /Applications/microchip/xc32/v1.40/bin/bin/../../lib/gcc/pic32mx/4.8.3/../../../../pic32mx/lib/libc.a(_flsbuf_simple.o)
 .debug_info    0x0000796c       0xae /Applications/microchip/xc32/v1.40/bin/bin/../../lib/gcc/pic32mx/4.8.3/../../../../pic32mx/lib/libpic32.a(write.o)
 .debug_info    0x00007a1a       0xb6 /Applications/microchip/xc32/v1.40/bin/bin/../../lib/gcc/pic32mx/4.8.3/../../../../pic32mx/lib/libpic32.a(_mon_putc.o)
 .debug_info    0x00007ad0      0x74f /Applications/microchip/xc32/v1.40/bin/bin/../../lib/gcc/pic32mx/4.8.3/libgcc.a(_udivdi3.o)
 .debug_info    0x0000821f      0x78c /Applications/microchip/xc32/v1.40/bin/bin/../../lib/gcc/pic32mx/4.8.3/libgcc.a(_umoddi3.o)

.debug_abbrev   0x00000000     0x102a
 *(.debug_abbrev)
 .debug_abbrev  0x00000000      0x2a0 build/default/production/tft_master.o
 .debug_abbrev  0x000002a0      0x282 build/default/production/tft_gfx.o
 .debug_abbrev  0x00000522       0x43 build/default/production/glcdfont.o
 .debug_abbrev  0x00000565      0x479 build/default/production/TFT_keypad_BRL4.o
 .debug_abbrev  0x000009de       0x28 /Applications/microchip/xc32/v1.40/bin/bin/../../lib/gcc/pic32mx/4.8.3/../../../../pic32mx/lib/libmchp_peripheral.a(read_core_timer_lib.o)
 .debug_abbrev  0x00000a06       0x28 /Applications/microchip/xc32/v1.40/bin/bin/../../lib/gcc/pic32mx/4.8.3/../../../../pic32mx/lib/libmchp_peripheral.a(write_core_timer_lib.o)
 .debug_abbrev  0x00000a2e       0x28 /Applications/microchip/xc32/v1.40/bin/bin/../../lib/gcc/pic32mx/4.8.3/../../../../pic32mx/lib/libmchp_peripheral_32MX250F128B.a(int_disable_interrupts_lib.o)
 .debug_abbrev  0x00000a56       0x28 /Applications/microchip/xc32/v1.40/bin/bin/../../lib/gcc/pic32mx/4.8.3/../../../../pic32mx/lib/libmchp_peripheral_32MX250F128B.a(int_restore_interrupts_lib.o)
 .debug_abbrev  0x00000a7e       0x28 /Applications/microchip/xc32/v1.40/bin/bin/../../lib/gcc/pic32mx/4.8.3/../../../../pic32mx/lib/libmchp_peripheral_32MX250F128B.a(int_enable_mv_int_lib.o)
 .debug_abbrev  0x00000aa6       0x28 /Applications/microchip/xc32/v1.40/bin/bin/../../lib/gcc/pic32mx/4.8.3/../../../../pic32mx/lib/libmchp_peripheral_32MX250F128B.a(spi_chn_open_lib.o)
 .debug_abbrev  0x00000ace       0x28 /Applications/microchip/xc32/v1.40/bin/bin/../../lib/gcc/pic32mx/4.8.3/../../../../pic32mx/lib/libmchp_peripheral_32MX250F128B.a(dma_chn_enable_lib.o)
 .debug_abbrev  0x00000af6       0x28 /Applications/microchip/xc32/v1.40/bin/bin/../../lib/gcc/pic32mx/4.8.3/../../../../pic32mx/lib/libmchp_peripheral_32MX250F128B.a(dma_chn_get_ev_flags_lib.o)
 .debug_abbrev  0x00000b1e       0x3e /Applications/microchip/xc32/v1.40/bin/bin/../../lib/gcc/pic32mx/4.8.3/../../../../pic32mx/lib/libmchp_peripheral_32MX250F128B.a(uart_lib.o)
 .debug_abbrev  0x00000b5c       0x28 /Applications/microchip/xc32/v1.40/bin/bin/../../lib/gcc/pic32mx/4.8.3/../../../../pic32mx/lib/libmchp_peripheral_32MX250F128B.a(int_enable_interrupts_lib.o)
 .debug_abbrev  0x00000b84       0x28 /Applications/microchip/xc32/v1.40/bin/bin/../../lib/gcc/pic32mx/4.8.3/../../../../pic32mx/lib/libmchp_peripheral_32MX250F128B.a(int_tbl_lib.o)
 .debug_abbrev  0x00000bac       0x28 /Applications/microchip/xc32/v1.40/bin/bin/../../lib/gcc/pic32mx/4.8.3/../../../../pic32mx/lib/libpic32.a(default-bootstrap-exception-handler.o)
 .debug_abbrev  0x00000bd4       0x28 /Applications/microchip/xc32/v1.40/bin/bin/../../lib/gcc/pic32mx/4.8.3/../../../../pic32mx/lib/libpic32.a(default-on-reset.o)
 .debug_abbrev  0x00000bfc       0x28 /Applications/microchip/xc32/v1.40/bin/bin/../../lib/gcc/pic32mx/4.8.3/../../../../pic32mx/lib/libpic32.a(default-on-bootstrap.o)
 .debug_abbrev  0x00000c24       0x28 /Applications/microchip/xc32/v1.40/bin/bin/../../lib/gcc/pic32mx/4.8.3/../../../../pic32mx/lib/libpic32.a(default-general-exception-handler.o)
 .debug_abbrev  0x00000c4c       0x28 /Applications/microchip/xc32/v1.40/bin/bin/../../lib/gcc/pic32mx/4.8.3/../../../../pic32mx/lib/libpic32.a(defaultinterrupt.o)
 .debug_abbrev  0x00000c74       0x47 /Applications/microchip/xc32/v1.40/bin/bin/../../lib/gcc/pic32mx/4.8.3/../../../../pic32mx/lib/libc.a(rand.o)
 .debug_abbrev  0x00000cbb       0x28 /Applications/microchip/xc32/v1.40/bin/bin/../../lib/gcc/pic32mx/4.8.3/../../../../pic32mx/lib/libc.a(sprintf_cdnopuxX.eo)
 .debug_abbrev  0x00000ce3       0x28 /Applications/microchip/xc32/v1.40/bin/bin/../../lib/gcc/pic32mx/4.8.3/../../../../pic32mx/lib/libc.a(doprnt_cdnopuxX.eo)
 .debug_abbrev  0x00000d0b       0x28 /Applications/microchip/xc32/v1.40/bin/bin/../../lib/gcc/pic32mx/4.8.3/../../../../pic32mx/lib/libc.a(_fputc_simple.o)
 .debug_abbrev  0x00000d33       0x28 /Applications/microchip/xc32/v1.40/bin/bin/../../lib/gcc/pic32mx/4.8.3/../../../../pic32mx/lib/libc.a(_flsbuf_simple.o)
 .debug_abbrev  0x00000d5b       0x28 /Applications/microchip/xc32/v1.40/bin/bin/../../lib/gcc/pic32mx/4.8.3/../../../../pic32mx/lib/libpic32.a(write.o)
 .debug_abbrev  0x00000d83       0x28 /Applications/microchip/xc32/v1.40/bin/bin/../../lib/gcc/pic32mx/4.8.3/../../../../pic32mx/lib/libpic32.a(_mon_putc.o)
 .debug_abbrev  0x00000dab      0x138 /Applications/microchip/xc32/v1.40/bin/bin/../../lib/gcc/pic32mx/4.8.3/libgcc.a(_udivdi3.o)
 .debug_abbrev  0x00000ee3      0x147 /Applications/microchip/xc32/v1.40/bin/bin/../../lib/gcc/pic32mx/4.8.3/libgcc.a(_umoddi3.o)

.debug_line     0x00000000     0x175e
 *(.debug_line)
 .debug_line    0x00000000      0x30e build/default/production/tft_master.o
 .debug_line    0x0000030e      0x34b build/default/production/tft_gfx.o
 .debug_line    0x00000659       0x50 build/default/production/glcdfont.o
 .debug_line    0x000006a9      0x44a build/default/production/TFT_keypad_BRL4.o
 .debug_line    0x00000af3       0x6b /Applications/microchip/xc32/v1.40/bin/bin/../../lib/gcc/pic32mx/4.8.3/../../../../pic32mx/lib/libmchp_peripheral.a(read_core_timer_lib.o)
 .debug_line    0x00000b5e       0x6c /Applications/microchip/xc32/v1.40/bin/bin/../../lib/gcc/pic32mx/4.8.3/../../../../pic32mx/lib/libmchp_peripheral.a(write_core_timer_lib.o)
 .debug_line    0x00000bca       0x70 /Applications/microchip/xc32/v1.40/bin/bin/../../lib/gcc/pic32mx/4.8.3/../../../../pic32mx/lib/libmchp_peripheral_32MX250F128B.a(int_disable_interrupts_lib.o)
 .debug_line    0x00000c3a       0x70 /Applications/microchip/xc32/v1.40/bin/bin/../../lib/gcc/pic32mx/4.8.3/../../../../pic32mx/lib/libmchp_peripheral_32MX250F128B.a(int_restore_interrupts_lib.o)
 .debug_line    0x00000caa       0x6b /Applications/microchip/xc32/v1.40/bin/bin/../../lib/gcc/pic32mx/4.8.3/../../../../pic32mx/lib/libmchp_peripheral_32MX250F128B.a(int_enable_mv_int_lib.o)
 .debug_line    0x00000d15       0x66 /Applications/microchip/xc32/v1.40/bin/bin/../../lib/gcc/pic32mx/4.8.3/../../../../pic32mx/lib/libmchp_peripheral_32MX250F128B.a(spi_chn_open_lib.o)
 .debug_line    0x00000d7b        0x0 /Applications/microchip/xc32/v1.40/bin/bin/../../lib/gcc/pic32mx/4.8.3/../../../../pic32mx/lib/libmchp_peripheral_32MX250F128B.a(spi_map_tbl_libp.o)
 .debug_line    0x00000d7b       0x68 /Applications/microchip/xc32/v1.40/bin/bin/../../lib/gcc/pic32mx/4.8.3/../../../../pic32mx/lib/libmchp_peripheral_32MX250F128B.a(dma_chn_enable_lib.o)
 .debug_line    0x00000de3       0x6e /Applications/microchip/xc32/v1.40/bin/bin/../../lib/gcc/pic32mx/4.8.3/../../../../pic32mx/lib/libmchp_peripheral_32MX250F128B.a(dma_chn_get_ev_flags_lib.o)
 .debug_line    0x00000e51        0x0 /Applications/microchip/xc32/v1.40/bin/bin/../../lib/gcc/pic32mx/4.8.3/../../../../pic32mx/lib/libmchp_peripheral_32MX250F128B.a(dma_reg_map_tbl_lib.o)
 .debug_line    0x00000e51       0x5f /Applications/microchip/xc32/v1.40/bin/bin/../../lib/gcc/pic32mx/4.8.3/../../../../pic32mx/lib/libmchp_peripheral_32MX250F128B.a(uart_lib.o)
 .debug_line    0x00000eb0       0x6f /Applications/microchip/xc32/v1.40/bin/bin/../../lib/gcc/pic32mx/4.8.3/../../../../pic32mx/lib/libmchp_peripheral_32MX250F128B.a(int_enable_interrupts_lib.o)
 .debug_line    0x00000f1f       0x61 /Applications/microchip/xc32/v1.40/bin/bin/../../lib/gcc/pic32mx/4.8.3/../../../../pic32mx/lib/libmchp_peripheral_32MX250F128B.a(int_tbl_lib.o)
 .debug_line    0x00000f80       0x97 /Applications/microchip/xc32/v1.40/bin/bin/../../lib/gcc/pic32mx/4.8.3/../../../../pic32mx/lib/libpic32.a(default-bootstrap-exception-handler.o)
 .debug_line    0x00001017       0x84 /Applications/microchip/xc32/v1.40/bin/bin/../../lib/gcc/pic32mx/4.8.3/../../../../pic32mx/lib/libpic32.a(default-on-reset.o)
 .debug_line    0x0000109b       0x88 /Applications/microchip/xc32/v1.40/bin/bin/../../lib/gcc/pic32mx/4.8.3/../../../../pic32mx/lib/libpic32.a(default-on-bootstrap.o)
 .debug_line    0x00001123       0x95 /Applications/microchip/xc32/v1.40/bin/bin/../../lib/gcc/pic32mx/4.8.3/../../../../pic32mx/lib/libpic32.a(default-general-exception-handler.o)
 .debug_line    0x000011b8       0x96 /Applications/microchip/xc32/v1.40/bin/bin/../../lib/gcc/pic32mx/4.8.3/../../../../pic32mx/lib/libpic32.a(defaultinterrupt.o)
 .debug_line    0x0000124e       0x6e /Applications/microchip/xc32/v1.40/bin/bin/../../lib/gcc/pic32mx/4.8.3/../../../../pic32mx/lib/libc.a(rand.o)
 .debug_line    0x000012bc       0x71 /Applications/microchip/xc32/v1.40/bin/bin/../../lib/gcc/pic32mx/4.8.3/../../../../pic32mx/lib/libc.a(sprintf_cdnopuxX.eo)
 .debug_line    0x0000132d       0x70 /Applications/microchip/xc32/v1.40/bin/bin/../../lib/gcc/pic32mx/4.8.3/../../../../pic32mx/lib/libc.a(doprnt_cdnopuxX.eo)
 .debug_line    0x0000139d       0x6f /Applications/microchip/xc32/v1.40/bin/bin/../../lib/gcc/pic32mx/4.8.3/../../../../pic32mx/lib/libc.a(_fputc_simple.o)
 .debug_line    0x0000140c        0x0 /Applications/microchip/xc32/v1.40/bin/bin/../../lib/gcc/pic32mx/4.8.3/../../../../pic32mx/lib/libc.a(ctype.o)
 .debug_line    0x0000140c        0x0 /Applications/microchip/xc32/v1.40/bin/bin/../../lib/gcc/pic32mx/4.8.3/../../../../pic32mx/lib/libc.a(_iob.o)
 .debug_line    0x0000140c       0x70 /Applications/microchip/xc32/v1.40/bin/bin/../../lib/gcc/pic32mx/4.8.3/../../../../pic32mx/lib/libc.a(_flsbuf_simple.o)
 .debug_line    0x0000147c       0x79 /Applications/microchip/xc32/v1.40/bin/bin/../../lib/gcc/pic32mx/4.8.3/../../../../pic32mx/lib/libpic32.a(write.o)
 .debug_line    0x000014f5       0x7d /Applications/microchip/xc32/v1.40/bin/bin/../../lib/gcc/pic32mx/4.8.3/../../../../pic32mx/lib/libpic32.a(_mon_putc.o)
 .debug_line    0x00001572        0x0 /Applications/microchip/xc32/v1.40/bin/bin/../../lib/gcc/pic32mx/4.8.3/../../../../pic32mx/lib/libpic32.a(xc32_uart.o)
 .debug_line    0x00001572       0xed /Applications/microchip/xc32/v1.40/bin/bin/../../lib/gcc/pic32mx/4.8.3/libgcc.a(_udivdi3.o)
 .debug_line    0x0000165f       0xff /Applications/microchip/xc32/v1.40/bin/bin/../../lib/gcc/pic32mx/4.8.3/libgcc.a(_umoddi3.o)

.debug_frame    0x00000000      0x9e4
 *(.debug_frame)
 .debug_frame   0x00000000      0x208 build/default/production/tft_master.o
 .debug_frame   0x00000208      0x29c build/default/production/tft_gfx.o
 .debug_frame   0x000004a4       0x9c build/default/production/TFT_keypad_BRL4.o
 .debug_frame   0x00000540       0x20 /Applications/microchip/xc32/v1.40/bin/bin/../../lib/gcc/pic32mx/4.8.3/../../../../pic32mx/lib/libmchp_peripheral.a(read_core_timer_lib.o)
 .debug_frame   0x00000560       0x20 /Applications/microchip/xc32/v1.40/bin/bin/../../lib/gcc/pic32mx/4.8.3/../../../../pic32mx/lib/libmchp_peripheral.a(write_core_timer_lib.o)
 .debug_frame   0x00000580       0x20 /Applications/microchip/xc32/v1.40/bin/bin/../../lib/gcc/pic32mx/4.8.3/../../../../pic32mx/lib/libmchp_peripheral_32MX250F128B.a(int_disable_interrupts_lib.o)
 .debug_frame   0x000005a0       0x20 /Applications/microchip/xc32/v1.40/bin/bin/../../lib/gcc/pic32mx/4.8.3/../../../../pic32mx/lib/libmchp_peripheral_32MX250F128B.a(int_restore_interrupts_lib.o)
 .debug_frame   0x000005c0       0x28 /Applications/microchip/xc32/v1.40/bin/bin/../../lib/gcc/pic32mx/4.8.3/../../../../pic32mx/lib/libmchp_peripheral_32MX250F128B.a(int_enable_mv_int_lib.o)
 .debug_frame   0x000005e8       0x30 /Applications/microchip/xc32/v1.40/bin/bin/../../lib/gcc/pic32mx/4.8.3/../../../../pic32mx/lib/libmchp_peripheral_32MX250F128B.a(spi_chn_open_lib.o)
 .debug_frame   0x00000618       0x20 /Applications/microchip/xc32/v1.40/bin/bin/../../lib/gcc/pic32mx/4.8.3/../../../../pic32mx/lib/libmchp_peripheral_32MX250F128B.a(dma_chn_enable_lib.o)
 .debug_frame   0x00000638       0x20 /Applications/microchip/xc32/v1.40/bin/bin/../../lib/gcc/pic32mx/4.8.3/../../../../pic32mx/lib/libmchp_peripheral_32MX250F128B.a(dma_chn_get_ev_flags_lib.o)
 .debug_frame   0x00000658       0x90 /Applications/microchip/xc32/v1.40/bin/bin/../../lib/gcc/pic32mx/4.8.3/../../../../pic32mx/lib/libmchp_peripheral_32MX250F128B.a(uart_lib.o)
 .debug_frame   0x000006e8       0x20 /Applications/microchip/xc32/v1.40/bin/bin/../../lib/gcc/pic32mx/4.8.3/../../../../pic32mx/lib/libmchp_peripheral_32MX250F128B.a(int_enable_interrupts_lib.o)
 .debug_frame   0x00000708       0xa0 /Applications/microchip/xc32/v1.40/bin/bin/../../lib/gcc/pic32mx/4.8.3/../../../../pic32mx/lib/libmchp_peripheral_32MX250F128B.a(int_tbl_lib.o)
 .debug_frame   0x000007a8       0x2c /Applications/microchip/xc32/v1.40/bin/bin/../../lib/gcc/pic32mx/4.8.3/../../../../pic32mx/lib/libpic32.a(default-bootstrap-exception-handler.o)
 .debug_frame   0x000007d4       0x20 /Applications/microchip/xc32/v1.40/bin/bin/../../lib/gcc/pic32mx/4.8.3/../../../../pic32mx/lib/libpic32.a(default-on-reset.o)
 .debug_frame   0x000007f4       0x20 /Applications/microchip/xc32/v1.40/bin/bin/../../lib/gcc/pic32mx/4.8.3/../../../../pic32mx/lib/libpic32.a(default-on-bootstrap.o)
 .debug_frame   0x00000814       0x2c /Applications/microchip/xc32/v1.40/bin/bin/../../lib/gcc/pic32mx/4.8.3/../../../../pic32mx/lib/libpic32.a(default-general-exception-handler.o)
 .debug_frame   0x00000840       0x20 /Applications/microchip/xc32/v1.40/bin/bin/../../lib/gcc/pic32mx/4.8.3/../../../../pic32mx/lib/libpic32.a(defaultinterrupt.o)
 .debug_frame   0x00000860       0x30 /Applications/microchip/xc32/v1.40/bin/bin/../../lib/gcc/pic32mx/4.8.3/../../../../pic32mx/lib/libc.a(rand.o)
 .debug_frame   0x00000890       0x28 /Applications/microchip/xc32/v1.40/bin/bin/../../lib/gcc/pic32mx/4.8.3/../../../../pic32mx/lib/libc.a(sprintf_cdnopuxX.eo)
 .debug_frame   0x000008b8       0x38 /Applications/microchip/xc32/v1.40/bin/bin/../../lib/gcc/pic32mx/4.8.3/../../../../pic32mx/lib/libc.a(doprnt_cdnopuxX.eo)
 .debug_frame   0x000008f0       0x2c /Applications/microchip/xc32/v1.40/bin/bin/../../lib/gcc/pic32mx/4.8.3/../../../../pic32mx/lib/libc.a(_fputc_simple.o)
 .debug_frame   0x0000091c       0x28 /Applications/microchip/xc32/v1.40/bin/bin/../../lib/gcc/pic32mx/4.8.3/../../../../pic32mx/lib/libc.a(_flsbuf_simple.o)
 .debug_frame   0x00000944       0x38 /Applications/microchip/xc32/v1.40/bin/bin/../../lib/gcc/pic32mx/4.8.3/../../../../pic32mx/lib/libpic32.a(write.o)
 .debug_frame   0x0000097c       0x28 /Applications/microchip/xc32/v1.40/bin/bin/../../lib/gcc/pic32mx/4.8.3/../../../../pic32mx/lib/libpic32.a(_mon_putc.o)
 .debug_frame   0x000009a4       0x20 /Applications/microchip/xc32/v1.40/bin/bin/../../lib/gcc/pic32mx/4.8.3/libgcc.a(_udivdi3.o)
 .debug_frame   0x000009c4       0x20 /Applications/microchip/xc32/v1.40/bin/bin/../../lib/gcc/pic32mx/4.8.3/libgcc.a(_umoddi3.o)

.debug_str      0x00000000       0x4f
 *(.debug_str)
 .debug_str     0x00000000        0x6 build/default/production/tft_master.o
 .debug_str     0x00000006       0x11 build/default/production/tft_gfx.o
 .debug_str     0x00000017        0x0 build/default/production/glcdfont.o
 .debug_str     0x00000017       0x38 build/default/production/TFT_keypad_BRL4.o
 .debug_str     0x0000004f        0x0 /Applications/microchip/xc32/v1.40/bin/bin/../../lib/gcc/pic32mx/4.8.3/../../../../pic32mx/lib/libmchp_peripheral.a(read_core_timer_lib.o)
 .debug_str     0x0000004f        0x0 /Applications/microchip/xc32/v1.40/bin/bin/../../lib/gcc/pic32mx/4.8.3/../../../../pic32mx/lib/libmchp_peripheral.a(write_core_timer_lib.o)
 .debug_str     0x0000004f        0x0 /Applications/microchip/xc32/v1.40/bin/bin/../../lib/gcc/pic32mx/4.8.3/../../../../pic32mx/lib/libmchp_peripheral_32MX250F128B.a(int_disable_interrupts_lib.o)
 .debug_str     0x0000004f        0x0 /Applications/microchip/xc32/v1.40/bin/bin/../../lib/gcc/pic32mx/4.8.3/../../../../pic32mx/lib/libmchp_peripheral_32MX250F128B.a(int_restore_interrupts_lib.o)
 .debug_str     0x0000004f        0x0 /Applications/microchip/xc32/v1.40/bin/bin/../../lib/gcc/pic32mx/4.8.3/../../../../pic32mx/lib/libmchp_peripheral_32MX250F128B.a(int_enable_mv_int_lib.o)
 .debug_str     0x0000004f        0x0 /Applications/microchip/xc32/v1.40/bin/bin/../../lib/gcc/pic32mx/4.8.3/../../../../pic32mx/lib/libmchp_peripheral_32MX250F128B.a(spi_chn_open_lib.o)
 .debug_str     0x0000004f        0x0 /Applications/microchip/xc32/v1.40/bin/bin/../../lib/gcc/pic32mx/4.8.3/../../../../pic32mx/lib/libmchp_peripheral_32MX250F128B.a(spi_map_tbl_libp.o)
 .debug_str     0x0000004f        0x0 /Applications/microchip/xc32/v1.40/bin/bin/../../lib/gcc/pic32mx/4.8.3/../../../../pic32mx/lib/libmchp_peripheral_32MX250F128B.a(dma_chn_enable_lib.o)
 .debug_str     0x0000004f        0x0 /Applications/microchip/xc32/v1.40/bin/bin/../../lib/gcc/pic32mx/4.8.3/../../../../pic32mx/lib/libmchp_peripheral_32MX250F128B.a(dma_chn_get_ev_flags_lib.o)
 .debug_str     0x0000004f        0x0 /Applications/microchip/xc32/v1.40/bin/bin/../../lib/gcc/pic32mx/4.8.3/../../../../pic32mx/lib/libmchp_peripheral_32MX250F128B.a(dma_reg_map_tbl_lib.o)
 .debug_str     0x0000004f        0x0 /Applications/microchip/xc32/v1.40/bin/bin/../../lib/gcc/pic32mx/4.8.3/../../../../pic32mx/lib/libmchp_peripheral_32MX250F128B.a(uart_lib.o)
 .debug_str     0x0000004f        0x0 /Applications/microchip/xc32/v1.40/bin/bin/../../lib/gcc/pic32mx/4.8.3/../../../../pic32mx/lib/libmchp_peripheral_32MX250F128B.a(int_enable_interrupts_lib.o)
 .debug_str     0x0000004f        0x0 /Applications/microchip/xc32/v1.40/bin/bin/../../lib/gcc/pic32mx/4.8.3/../../../../pic32mx/lib/libmchp_peripheral_32MX250F128B.a(int_tbl_lib.o)
 .debug_str     0x0000004f        0x0 /Applications/microchip/xc32/v1.40/bin/bin/../../lib/gcc/pic32mx/4.8.3/../../../../pic32mx/lib/libpic32.a(default-bootstrap-exception-handler.o)
 .debug_str     0x0000004f        0x0 /Applications/microchip/xc32/v1.40/bin/bin/../../lib/gcc/pic32mx/4.8.3/../../../../pic32mx/lib/libpic32.a(default-on-reset.o)
 .debug_str     0x0000004f        0x0 /Applications/microchip/xc32/v1.40/bin/bin/../../lib/gcc/pic32mx/4.8.3/../../../../pic32mx/lib/libpic32.a(default-on-bootstrap.o)
 .debug_str     0x0000004f        0x0 /Applications/microchip/xc32/v1.40/bin/bin/../../lib/gcc/pic32mx/4.8.3/../../../../pic32mx/lib/libpic32.a(default-general-exception-handler.o)
 .debug_str     0x0000004f        0x0 /Applications/microchip/xc32/v1.40/bin/bin/../../lib/gcc/pic32mx/4.8.3/../../../../pic32mx/lib/libpic32.a(defaultinterrupt.o)
 .debug_str     0x0000004f        0x0 /Applications/microchip/xc32/v1.40/bin/bin/../../lib/gcc/pic32mx/4.8.3/../../../../pic32mx/lib/libc.a(rand.o)
 .debug_str     0x0000004f        0x0 /Applications/microchip/xc32/v1.40/bin/bin/../../lib/gcc/pic32mx/4.8.3/../../../../pic32mx/lib/libc.a(sprintf_cdnopuxX.eo)
 .debug_str     0x0000004f        0x0 /Applications/microchip/xc32/v1.40/bin/bin/../../lib/gcc/pic32mx/4.8.3/../../../../pic32mx/lib/libc.a(doprnt_cdnopuxX.eo)
 .debug_str     0x0000004f        0x0 /Applications/microchip/xc32/v1.40/bin/bin/../../lib/gcc/pic32mx/4.8.3/../../../../pic32mx/lib/libc.a(_fputc_simple.o)
 .debug_str     0x0000004f        0x0 /Applications/microchip/xc32/v1.40/bin/bin/../../lib/gcc/pic32mx/4.8.3/../../../../pic32mx/lib/libc.a(ctype.o)
 .debug_str     0x0000004f        0x0 /Applications/microchip/xc32/v1.40/bin/bin/../../lib/gcc/pic32mx/4.8.3/../../../../pic32mx/lib/libc.a(_iob.o)
 .debug_str     0x0000004f        0x0 /Applications/microchip/xc32/v1.40/bin/bin/../../lib/gcc/pic32mx/4.8.3/../../../../pic32mx/lib/libc.a(_flsbuf_simple.o)
 .debug_str     0x0000004f        0x0 /Applications/microchip/xc32/v1.40/bin/bin/../../lib/gcc/pic32mx/4.8.3/../../../../pic32mx/lib/libpic32.a(write.o)
 .debug_str     0x0000004f        0x0 /Applications/microchip/xc32/v1.40/bin/bin/../../lib/gcc/pic32mx/4.8.3/../../../../pic32mx/lib/libpic32.a(_mon_putc.o)
 .debug_str     0x0000004f        0x0 /Applications/microchip/xc32/v1.40/bin/bin/../../lib/gcc/pic32mx/4.8.3/../../../../pic32mx/lib/libpic32.a(xc32_uart.o)
 .debug_str     0x0000004f        0x0 /Applications/microchip/xc32/v1.40/bin/bin/../../lib/gcc/pic32mx/4.8.3/libgcc.a(_udivdi3.o)
 .debug_str     0x0000004f        0x0 /Applications/microchip/xc32/v1.40/bin/bin/../../lib/gcc/pic32mx/4.8.3/libgcc.a(_umoddi3.o)

.debug_loc      0x00000000     0x32c8
 *(.debug_loc)
 .debug_loc     0x00000000      0x5af build/default/production/tft_master.o
 .debug_loc     0x000005af     0x1358 build/default/production/tft_gfx.o
 .debug_loc     0x00001907      0x51a build/default/production/TFT_keypad_BRL4.o
 .debug_loc     0x00001e21      0xa6a /Applications/microchip/xc32/v1.40/bin/bin/../../lib/gcc/pic32mx/4.8.3/libgcc.a(_udivdi3.o)
 .debug_loc     0x0000288b      0xa3d /Applications/microchip/xc32/v1.40/bin/bin/../../lib/gcc/pic32mx/4.8.3/libgcc.a(_umoddi3.o)

.debug_macinfo
 *(.debug_macinfo)

.debug_weaknames
 *(.debug_weaknames)

.debug_funcnames
 *(.debug_funcnames)

.debug_typenames
 *(.debug_typenames)

.debug_varnames
 *(.debug_varnames)

.debug_pubtypes
 *(.debug_pubtypes)

.debug_ranges   0x00000000      0x618
 *(.debug_ranges)
 .debug_ranges  0x00000000       0x28 build/default/production/tft_gfx.o
 .debug_ranges  0x00000028      0x290 build/default/production/TFT_keypad_BRL4.o
 .debug_ranges  0x000002b8       0x10 /Applications/microchip/xc32/v1.40/bin/bin/../../lib/gcc/pic32mx/4.8.3/../../../../pic32mx/lib/libmchp_peripheral.a(read_core_timer_lib.o)
 .debug_ranges  0x000002c8       0x10 /Applications/microchip/xc32/v1.40/bin/bin/../../lib/gcc/pic32mx/4.8.3/../../../../pic32mx/lib/libmchp_peripheral.a(write_core_timer_lib.o)
 .debug_ranges  0x000002d8       0x10 /Applications/microchip/xc32/v1.40/bin/bin/../../lib/gcc/pic32mx/4.8.3/../../../../pic32mx/lib/libmchp_peripheral_32MX250F128B.a(int_disable_interrupts_lib.o)
 .debug_ranges  0x000002e8       0x10 /Applications/microchip/xc32/v1.40/bin/bin/../../lib/gcc/pic32mx/4.8.3/../../../../pic32mx/lib/libmchp_peripheral_32MX250F128B.a(int_restore_interrupts_lib.o)
 .debug_ranges  0x000002f8       0x10 /Applications/microchip/xc32/v1.40/bin/bin/../../lib/gcc/pic32mx/4.8.3/../../../../pic32mx/lib/libmchp_peripheral_32MX250F128B.a(int_enable_mv_int_lib.o)
 .debug_ranges  0x00000308       0x10 /Applications/microchip/xc32/v1.40/bin/bin/../../lib/gcc/pic32mx/4.8.3/../../../../pic32mx/lib/libmchp_peripheral_32MX250F128B.a(spi_chn_open_lib.o)
 .debug_ranges  0x00000318       0x10 /Applications/microchip/xc32/v1.40/bin/bin/../../lib/gcc/pic32mx/4.8.3/../../../../pic32mx/lib/libmchp_peripheral_32MX250F128B.a(dma_chn_enable_lib.o)
 .debug_ranges  0x00000328       0x10 /Applications/microchip/xc32/v1.40/bin/bin/../../lib/gcc/pic32mx/4.8.3/../../../../pic32mx/lib/libmchp_peripheral_32MX250F128B.a(dma_chn_get_ev_flags_lib.o)
 .debug_ranges  0x00000338       0x48 /Applications/microchip/xc32/v1.40/bin/bin/../../lib/gcc/pic32mx/4.8.3/../../../../pic32mx/lib/libmchp_peripheral_32MX250F128B.a(uart_lib.o)
 .debug_ranges  0x00000380       0x10 /Applications/microchip/xc32/v1.40/bin/bin/../../lib/gcc/pic32mx/4.8.3/../../../../pic32mx/lib/libmchp_peripheral_32MX250F128B.a(int_enable_interrupts_lib.o)
 .debug_ranges  0x00000390       0x50 /Applications/microchip/xc32/v1.40/bin/bin/../../lib/gcc/pic32mx/4.8.3/../../../../pic32mx/lib/libmchp_peripheral_32MX250F128B.a(int_tbl_lib.o)
 .debug_ranges  0x000003e0       0x10 /Applications/microchip/xc32/v1.40/bin/bin/../../lib/gcc/pic32mx/4.8.3/../../../../pic32mx/lib/libpic32.a(default-bootstrap-exception-handler.o)
 .debug_ranges  0x000003f0       0x10 /Applications/microchip/xc32/v1.40/bin/bin/../../lib/gcc/pic32mx/4.8.3/../../../../pic32mx/lib/libpic32.a(default-on-reset.o)
 .debug_ranges  0x00000400       0x10 /Applications/microchip/xc32/v1.40/bin/bin/../../lib/gcc/pic32mx/4.8.3/../../../../pic32mx/lib/libpic32.a(default-on-bootstrap.o)
 .debug_ranges  0x00000410       0x10 /Applications/microchip/xc32/v1.40/bin/bin/../../lib/gcc/pic32mx/4.8.3/../../../../pic32mx/lib/libpic32.a(default-general-exception-handler.o)
 .debug_ranges  0x00000420       0x10 /Applications/microchip/xc32/v1.40/bin/bin/../../lib/gcc/pic32mx/4.8.3/../../../../pic32mx/lib/libpic32.a(defaultinterrupt.o)
 .debug_ranges  0x00000430       0x18 /Applications/microchip/xc32/v1.40/bin/bin/../../lib/gcc/pic32mx/4.8.3/../../../../pic32mx/lib/libc.a(rand.o)
 .debug_ranges  0x00000448       0x10 /Applications/microchip/xc32/v1.40/bin/bin/../../lib/gcc/pic32mx/4.8.3/../../../../pic32mx/lib/libc.a(sprintf_cdnopuxX.eo)
 .debug_ranges  0x00000458       0x10 /Applications/microchip/xc32/v1.40/bin/bin/../../lib/gcc/pic32mx/4.8.3/../../../../pic32mx/lib/libc.a(doprnt_cdnopuxX.eo)
 .debug_ranges  0x00000468       0x10 /Applications/microchip/xc32/v1.40/bin/bin/../../lib/gcc/pic32mx/4.8.3/../../../../pic32mx/lib/libc.a(_fputc_simple.o)
 .debug_ranges  0x00000478       0x10 /Applications/microchip/xc32/v1.40/bin/bin/../../lib/gcc/pic32mx/4.8.3/../../../../pic32mx/lib/libc.a(_flsbuf_simple.o)
 .debug_ranges  0x00000488       0x10 /Applications/microchip/xc32/v1.40/bin/bin/../../lib/gcc/pic32mx/4.8.3/../../../../pic32mx/lib/libpic32.a(write.o)
 .debug_ranges  0x00000498       0x10 /Applications/microchip/xc32/v1.40/bin/bin/../../lib/gcc/pic32mx/4.8.3/../../../../pic32mx/lib/libpic32.a(_mon_putc.o)
 .debug_ranges  0x000004a8       0x98 /Applications/microchip/xc32/v1.40/bin/bin/../../lib/gcc/pic32mx/4.8.3/libgcc.a(_udivdi3.o)
 .debug_ranges  0x00000540       0xd8 /Applications/microchip/xc32/v1.40/bin/bin/../../lib/gcc/pic32mx/4.8.3/libgcc.a(_umoddi3.o)

.gnu.attributes
                0x00000000       0x10
 *(.gnu.attributes)
 .gnu.attributes
                0x00000000       0x10 build/default/production/tft_master.o
 .gnu.attributes
                0x00000010       0x10 build/default/production/tft_gfx.o
 .gnu.attributes
                0x00000020       0x10 build/default/production/glcdfont.o
 .gnu.attributes
                0x00000030       0x10 build/default/production/TFT_keypad_BRL4.o
 .gnu.attributes
                0x00000040       0x10 /Applications/microchip/xc32/v1.40/bin/bin/../../lib/gcc/pic32mx/4.8.3/../../../../pic32mx/lib/libmchp_peripheral.a(read_core_timer_lib.o)
 .gnu.attributes
                0x00000050       0x10 /Applications/microchip/xc32/v1.40/bin/bin/../../lib/gcc/pic32mx/4.8.3/../../../../pic32mx/lib/libmchp_peripheral.a(write_core_timer_lib.o)
 .gnu.attributes
                0x00000060       0x10 /Applications/microchip/xc32/v1.40/bin/bin/../../lib/gcc/pic32mx/4.8.3/../../../../pic32mx/lib/libmchp_peripheral_32MX250F128B.a(int_disable_interrupts_lib.o)
 .gnu.attributes
                0x00000070       0x10 /Applications/microchip/xc32/v1.40/bin/bin/../../lib/gcc/pic32mx/4.8.3/../../../../pic32mx/lib/libmchp_peripheral_32MX250F128B.a(int_restore_interrupts_lib.o)
 .gnu.attributes
                0x00000080       0x10 /Applications/microchip/xc32/v1.40/bin/bin/../../lib/gcc/pic32mx/4.8.3/../../../../pic32mx/lib/libmchp_peripheral_32MX250F128B.a(int_enable_mv_int_lib.o)
 .gnu.attributes
                0x00000090       0x10 /Applications/microchip/xc32/v1.40/bin/bin/../../lib/gcc/pic32mx/4.8.3/../../../../pic32mx/lib/libmchp_peripheral_32MX250F128B.a(spi_chn_open_lib.o)
 .gnu.attributes
                0x000000a0       0x10 /Applications/microchip/xc32/v1.40/bin/bin/../../lib/gcc/pic32mx/4.8.3/../../../../pic32mx/lib/libmchp_peripheral_32MX250F128B.a(spi_map_tbl_libp.o)
 .gnu.attributes
                0x000000b0       0x10 /Applications/microchip/xc32/v1.40/bin/bin/../../lib/gcc/pic32mx/4.8.3/../../../../pic32mx/lib/libmchp_peripheral_32MX250F128B.a(dma_chn_enable_lib.o)
 .gnu.attributes
                0x000000c0       0x10 /Applications/microchip/xc32/v1.40/bin/bin/../../lib/gcc/pic32mx/4.8.3/../../../../pic32mx/lib/libmchp_peripheral_32MX250F128B.a(dma_chn_get_ev_flags_lib.o)
 .gnu.attributes
                0x000000d0       0x10 /Applications/microchip/xc32/v1.40/bin/bin/../../lib/gcc/pic32mx/4.8.3/../../../../pic32mx/lib/libmchp_peripheral_32MX250F128B.a(dma_reg_map_tbl_lib.o)
 .gnu.attributes
                0x000000e0       0x10 /Applications/microchip/xc32/v1.40/bin/bin/../../lib/gcc/pic32mx/4.8.3/../../../../pic32mx/lib/libmchp_peripheral_32MX250F128B.a(uart_lib.o)
 .gnu.attributes
                0x000000f0       0x10 /Applications/microchip/xc32/v1.40/bin/bin/../../lib/gcc/pic32mx/4.8.3/../../../../pic32mx/lib/libmchp_peripheral_32MX250F128B.a(int_enable_interrupts_lib.o)
 .gnu.attributes
                0x00000100       0x10 /Applications/microchip/xc32/v1.40/bin/bin/../../lib/gcc/pic32mx/4.8.3/../../../../pic32mx/lib/libmchp_peripheral_32MX250F128B.a(int_tbl_lib.o)
 .gnu.attributes
                0x00000110       0x10 /Applications/microchip/xc32/v1.40/bin/bin/../../lib/gcc/pic32mx/4.8.3/../../../../pic32mx/lib/libpic32.a(default-bootstrap-exception-handler.o)
 .gnu.attributes
                0x00000120       0x10 /Applications/microchip/xc32/v1.40/bin/bin/../../lib/gcc/pic32mx/4.8.3/../../../../pic32mx/lib/libpic32.a(default-on-reset.o)
 .gnu.attributes
                0x00000130       0x10 /Applications/microchip/xc32/v1.40/bin/bin/../../lib/gcc/pic32mx/4.8.3/../../../../pic32mx/lib/libpic32.a(default-on-bootstrap.o)
 .gnu.attributes
                0x00000140       0x10 /Applications/microchip/xc32/v1.40/bin/bin/../../lib/gcc/pic32mx/4.8.3/../../../../pic32mx/lib/libpic32.a(default-general-exception-handler.o)
 .gnu.attributes
                0x00000150       0x10 /Applications/microchip/xc32/v1.40/bin/bin/../../lib/gcc/pic32mx/4.8.3/../../../../pic32mx/lib/libpic32.a(defaultinterrupt.o)
 .gnu.attributes
                0x00000160       0x10 /Applications/microchip/xc32/v1.40/bin/bin/../../lib/gcc/pic32mx/4.8.3/../../../../pic32mx/lib/libc.a(rand.o)
 .gnu.attributes
                0x00000170       0x10 /Applications/microchip/xc32/v1.40/bin/bin/../../lib/gcc/pic32mx/4.8.3/../../../../pic32mx/lib/libc.a(sprintf_cdnopuxX.eo)
 .gnu.attributes
                0x00000180       0x10 /Applications/microchip/xc32/v1.40/bin/bin/../../lib/gcc/pic32mx/4.8.3/../../../../pic32mx/lib/libc.a(doprnt_cdnopuxX.eo)
 .gnu.attributes
                0x00000190       0x10 /Applications/microchip/xc32/v1.40/bin/bin/../../lib/gcc/pic32mx/4.8.3/../../../../pic32mx/lib/libc.a(_fputc_simple.o)
 .gnu.attributes
                0x000001a0       0x10 /Applications/microchip/xc32/v1.40/bin/bin/../../lib/gcc/pic32mx/4.8.3/../../../../pic32mx/lib/libc.a(ctype.o)
 .gnu.attributes
                0x000001b0       0x10 /Applications/microchip/xc32/v1.40/bin/bin/../../lib/gcc/pic32mx/4.8.3/../../../../pic32mx/lib/libc.a(_iob.o)
 .gnu.attributes
                0x000001c0       0x10 /Applications/microchip/xc32/v1.40/bin/bin/../../lib/gcc/pic32mx/4.8.3/../../../../pic32mx/lib/libc.a(_flsbuf_simple.o)
 .gnu.attributes
                0x000001d0       0x10 /Applications/microchip/xc32/v1.40/bin/bin/../../lib/gcc/pic32mx/4.8.3/../../../../pic32mx/lib/libpic32.a(write.o)
 .gnu.attributes
                0x000001e0       0x10 /Applications/microchip/xc32/v1.40/bin/bin/../../lib/gcc/pic32mx/4.8.3/../../../../pic32mx/lib/libpic32.a(_mon_putc.o)
 .gnu.attributes
                0x000001f0       0x10 /Applications/microchip/xc32/v1.40/bin/bin/../../lib/gcc/pic32mx/4.8.3/../../../../pic32mx/lib/libpic32.a(xc32_uart.o)
 .gnu.attributes
                0x00000200       0x10 /Applications/microchip/xc32/v1.40/bin/bin/../../lib/gcc/pic32mx/4.8.3/libgcc.a(_udivdi3.o)
 .gnu.attributes
                0x00000210       0x10 /Applications/microchip/xc32/v1.40/bin/bin/../../lib/gcc/pic32mx/4.8.3/libgcc.a(_umoddi3.o)
LOAD /Applications/microchip/xc32/v1.40/bin/bin/../../lib/gcc/pic32mx/4.8.3/libgcc.a
START GROUP
LOAD /Applications/microchip/xc32/v1.40/bin/bin/../../lib/gcc/pic32mx/4.8.3/../../../../pic32mx/lib/libpic32.a
LOAD /Applications/microchip/xc32/v1.40/bin/bin/../../lib/gcc/pic32mx/4.8.3/../../../../pic32mx/lib/libdebug.a
LOAD /Applications/microchip/xc32/v1.40/bin/bin/../../lib/gcc/pic32mx/4.8.3/../../../../pic32mx/lib/libpic32.a
LOAD /Applications/microchip/xc32/v1.40/bin/bin/../../lib/gcc/pic32mx/4.8.3/../../../../pic32mx/lib/libm.a
LOAD /Applications/microchip/xc32/v1.40/bin/bin/../../lib/gcc/pic32mx/4.8.3/../../../../pic32mx/lib/libe.a
LOAD /Applications/microchip/xc32/v1.40/bin/bin/../../lib/gcc/pic32mx/4.8.3/../../../../pic32mx/lib/libdsp.a
LOAD /Applications/microchip/xc32/v1.40/bin/bin/../../lib/gcc/pic32mx/4.8.3/libgcc.a
LOAD /Applications/microchip/xc32/v1.40/bin/bin/../../lib/gcc/pic32mx/4.8.3/../../../../pic32mx/lib/libc.a
LOAD /Applications/microchip/xc32/v1.40/bin/bin/../../lib/gcc/pic32mx/4.8.3/../../../../pic32mx/lib/libpic32.a
END GROUP
LOAD /Applications/microchip/xc32/v1.40/bin/bin/../../lib/gcc/pic32mx/4.8.3/libgcc.a
OUTPUT(dist/default/production/Adafruit_TFT.X.production.elf elf32-tradlittlemips)
LOAD stack
LOAD data_init

.reginfo        0x00000000       0x18
 .reginfo       0x00000000       0x18 /Applications/microchip/xc32/v1.40/bin/bin/../../lib/gcc/pic32mx/4.8.3/../../../../pic32mx/lib/./proc/32MX250F128B/crt0_mips32r2.o

.stack          0xa00002b0      0x400
 .stack         0xa00002b0      0x400 stack

.data           0xa0000158       0xa4
 .data          0xa0000158       0xa4 /Applications/microchip/xc32/v1.40/bin/bin/../../lib/gcc/pic32mx/4.8.3/../../../../pic32mx/lib/libc.a(_iob.o)
                0xa0000158                _iob
                0xa00001f8                _Files

.bss            0xa00001fc       0x44
 .bss           0xa00001fc       0x44 /Applications/microchip/xc32/v1.40/bin/bin/../../lib/gcc/pic32mx/4.8.3/../../../../pic32mx/lib/libc.a(_iob.o)
                0xa00001fc                _outdone
                0xa0000200                _sibuf
                0xa0000220                _sobuf

.data           0xa0000240       0x30
 .data          0xa0000240       0x30 build/default/production/TFT_keypad_BRL4.o

.bss            0xa0000270       0x10
 .bss           0xa0000270       0x10 /Applications/microchip/xc32/v1.40/bin/bin/../../lib/gcc/pic32mx/4.8.3/../../../../pic32mx/lib/libc.a(rand.o)

.bss            0x00000000        0x0
 .bss           0x00000000        0x0 /Applications/microchip/xc32/v1.40/bin/bin/../../lib/gcc/pic32mx/4.8.3/libgcc.a(_umoddi3.o)

.data           0x00000000        0x0
 .data          0x00000000        0x0 /Applications/microchip/xc32/v1.40/bin/bin/../../lib/gcc/pic32mx/4.8.3/libgcc.a(_umoddi3.o)

.bss            0x00000000        0x0
 .bss           0x00000000        0x0 /Applications/microchip/xc32/v1.40/bin/bin/../../lib/gcc/pic32mx/4.8.3/libgcc.a(_udivdi3.o)

.data           0x00000000        0x0
 .data          0x00000000        0x0 /Applications/microchip/xc32/v1.40/bin/bin/../../lib/gcc/pic32mx/4.8.3/libgcc.a(_udivdi3.o)

.bss            0x00000000        0x0
 .bss           0x00000000        0x0 /Applications/microchip/xc32/v1.40/bin/bin/../../lib/gcc/pic32mx/4.8.3/../../../../pic32mx/lib/libpic32.a(xc32_uart.o)

.data           0x00000000        0x0
 .data          0x00000000        0x0 /Applications/microchip/xc32/v1.40/bin/bin/../../lib/gcc/pic32mx/4.8.3/../../../../pic32mx/lib/libpic32.a(xc32_uart.o)

.bss            0x00000000        0x0
 .bss           0x00000000        0x0 /Applications/microchip/xc32/v1.40/bin/bin/../../lib/gcc/pic32mx/4.8.3/../../../../pic32mx/lib/libpic32.a(_mon_putc.o)

.data           0x00000000        0x0
 .data          0x00000000        0x0 /Applications/microchip/xc32/v1.40/bin/bin/../../lib/gcc/pic32mx/4.8.3/../../../../pic32mx/lib/libpic32.a(_mon_putc.o)

.bss            0x00000000        0x0
 .bss           0x00000000        0x0 /Applications/microchip/xc32/v1.40/bin/bin/../../lib/gcc/pic32mx/4.8.3/../../../../pic32mx/lib/libpic32.a(write.o)

.data           0x00000000        0x0
 .data          0x00000000        0x0 /Applications/microchip/xc32/v1.40/bin/bin/../../lib/gcc/pic32mx/4.8.3/../../../../pic32mx/lib/libpic32.a(write.o)

.bss            0x00000000        0x0
 .bss           0x00000000        0x0 /Applications/microchip/xc32/v1.40/bin/bin/../../lib/gcc/pic32mx/4.8.3/../../../../pic32mx/lib/libc.a(_flsbuf_simple.o)

.data           0x00000000        0x0
 .data          0x00000000        0x0 /Applications/microchip/xc32/v1.40/bin/bin/../../lib/gcc/pic32mx/4.8.3/../../../../pic32mx/lib/libc.a(_flsbuf_simple.o)

.bss            0x00000000        0x0
 .bss           0x00000000        0x0 /Applications/microchip/xc32/v1.40/bin/bin/../../lib/gcc/pic32mx/4.8.3/../../../../pic32mx/lib/libc.a(ctype.o)

.data           0x00000000        0x0
 .data          0x00000000        0x0 /Applications/microchip/xc32/v1.40/bin/bin/../../lib/gcc/pic32mx/4.8.3/../../../../pic32mx/lib/libc.a(ctype.o)

.bss            0x00000000        0x0
 .bss           0x00000000        0x0 /Applications/microchip/xc32/v1.40/bin/bin/../../lib/gcc/pic32mx/4.8.3/../../../../pic32mx/lib/libc.a(_fputc_simple.o)

.data           0x00000000        0x0
 .data          0x00000000        0x0 /Applications/microchip/xc32/v1.40/bin/bin/../../lib/gcc/pic32mx/4.8.3/../../../../pic32mx/lib/libc.a(_fputc_simple.o)

.bss            0x00000000        0x0
 .bss           0x00000000        0x0 /Applications/microchip/xc32/v1.40/bin/bin/../../lib/gcc/pic32mx/4.8.3/../../../../pic32mx/lib/libc.a(doprnt_cdnopuxX.eo)

.data           0x00000000        0x0
 .data          0x00000000        0x0 /Applications/microchip/xc32/v1.40/bin/bin/../../lib/gcc/pic32mx/4.8.3/../../../../pic32mx/lib/libc.a(doprnt_cdnopuxX.eo)

.bss            0x00000000        0x0
 .bss           0x00000000        0x0 /Applications/microchip/xc32/v1.40/bin/bin/../../lib/gcc/pic32mx/4.8.3/../../../../pic32mx/lib/libc.a(sprintf_cdnopuxX.eo)

.data           0x00000000        0x0
 .data          0x00000000        0x0 /Applications/microchip/xc32/v1.40/bin/bin/../../lib/gcc/pic32mx/4.8.3/../../../../pic32mx/lib/libc.a(sprintf_cdnopuxX.eo)

.data           0x00000000        0x0
 .data          0x00000000        0x0 /Applications/microchip/xc32/v1.40/bin/bin/../../lib/gcc/pic32mx/4.8.3/../../../../pic32mx/lib/libc.a(rand.o)

.bss            0x00000000        0x0